This file contains any messages produced by compilers while
running configure, to aid debugging if configure makes a mistake.

It was created by libvorbis configure 1.3.7, which was
generated by GNU Autoconf 2.69.  Invocation command line was

  $ ./configure PKG_CONFIG= --host=x86_64-pc-linux-gnu --enable-shared=no CC=cc --disable-oggtest --with-ogg-libraries=.. --with-ogg-includes=/home/user/repos/fteqw/engine/libs-x86_64-pc-linux-gnu/libogg-1.3.6/include

## --------- ##
## Platform. ##
## --------- ##

hostname = almix-arch
uname -m = x86_64
uname -r = 6.19.8-arch1-1
uname -s = Linux
uname -v = #1 SMP PREEMPT_DYNAMIC Sat, 14 Mar 2026 01:07:43 +0000

/usr/bin/uname -p = unknown
/bin/uname -X     = unknown

/bin/arch              = unknown
/usr/bin/arch -k       = unknown
/usr/convex/getsysinfo = unknown
/usr/bin/hostinfo      = unknown
/bin/machine           = unknown
/usr/bin/oslevel       = unknown
/bin/universe          = unknown

PATH: /home/user/anaconda3/condabin
PATH: /home/user/.local/bin
PATH: /home/user/bin
PATH: /usr/local/sbin
PATH: /usr/local/bin
PATH: /usr/bin
PATH: /home/user/.local/share/flatpak/exports/bin
PATH: /var/lib/flatpak/exports/bin
PATH: /usr/lib/jvm/default/bin
PATH: /usr/bin/site_perl
PATH: /usr/bin/vendor_perl
PATH: /usr/bin/core_perl


## ----------- ##
## Core tests. ##
## ----------- ##

configure:2374: checking build system type
configure:2388: result: x86_64-pc-linux-gnu
configure:2408: checking host system type
configure:2421: result: x86_64-pc-linux-gnu
configure:2458: checking for a BSD-compatible install
configure:2526: result: /usr/bin/install -c
configure:2537: checking whether build environment is sane
configure:2592: result: yes
configure:2651: checking for x86_64-pc-linux-gnu-strip
configure:2681: result: no
configure:2691: checking for strip
configure:2707: found /usr/bin/strip
configure:2718: result: strip
configure:2743: checking for a thread-safe mkdir -p
configure:2782: result: /usr/bin/mkdir -p
configure:2789: checking for gawk
configure:2805: found /usr/bin/gawk
configure:2816: result: gawk
configure:2827: checking whether make sets $(MAKE)
configure:2849: result: yes
configure:2878: checking whether make supports nested variables
configure:2895: result: yes
configure:3022: checking whether to enable maintainer-specific portions of Makefiles
configure:3031: result: no
configure:3059: checking whether make supports nested variables
configure:3076: result: yes
configure:3121: checking for x86_64-pc-linux-gnu-gcc
configure:3148: result: cc
configure:3417: checking for C compiler version
configure:3426: cc --version >&5
cc (GCC) 15.2.1 20260209
Copyright (C) 2025 Free Software Foundation, Inc.
This is free software; see the source for copying conditions.  There is NO
warranty; not even for MERCHANTABILITY or FITNESS FOR A PARTICULAR PURPOSE.

configure:3437: $? = 0
configure:3426: cc -v >&5
Using built-in specs.
COLLECT_GCC=cc
COLLECT_LTO_WRAPPER=/usr/lib/gcc/x86_64-pc-linux-gnu/15.2.1/lto-wrapper
Target: x86_64-pc-linux-gnu
Configured with: /build/gcc/src/gcc/configure --enable-languages=ada,c,c++,d,fortran,go,lto,m2,objc,obj-c++,rust,cobol --enable-bootstrap --prefix=/usr --libdir=/usr/lib --libexecdir=/usr/lib --mandir=/usr/share/man --infodir=/usr/share/info --with-bugurl=https://gitlab.archlinux.org/archlinux/packaging/packages/gcc/-/issues --with-build-config=bootstrap-lto --with-linker-hash-style=gnu --with-system-zlib --enable-__cxa_atexit --enable-cet=auto --enable-checking=release --enable-clocale=gnu --enable-default-pie --enable-default-ssp --enable-gnu-indirect-function --enable-gnu-unique-object --enable-libstdcxx-backtrace --enable-link-serialization=1 --enable-linker-build-id --enable-lto --enable-multilib --enable-plugin --enable-shared --enable-threads=posix --disable-libssp --disable-libstdcxx-pch --disable-werror
Thread model: posix
Supported LTO compression algorithms: zlib zstd
gcc version 15.2.1 20260209 (GCC) 
configure:3437: $? = 0
configure:3426: cc -V >&5
cc: error: unrecognized command-line option '-V'
cc: fatal error: no input files
compilation terminated.
configure:3437: $? = 1
configure:3426: cc -qversion >&5
cc: error: unrecognized command-line option '-qversion'; did you mean '--version'?
cc: fatal error: no input files
compilation terminated.
configure:3437: $? = 1
configure:3457: checking whether the C compiler works
configure:3479: cc  -Os   conftest.c  >&5
configure:3483: $? = 0
configure:3531: result: yes
configure:3534: checking for C compiler default output file name
configure:3536: result: a.out
configure:3542: checking for suffix of executables
configure:3549: cc -o conftest  -Os   conftest.c  >&5
configure:3553: $? = 0
configure:3575: result: 
configure:3597: checking whether we are cross compiling
configure:3605: cc -o conftest  -Os   conftest.c  >&5
configure:3609: $? = 0
configure:3616: ./conftest
configure:3620: $? = 0
configure:3635: result: no
configure:3640: checking for suffix of object files
configure:3662: cc -c  -Os  conftest.c >&5
configure:3666: $? = 0
configure:3687: result: o
configure:3691: checking whether we are using the GNU C compiler
configure:3710: cc -c  -Os  conftest.c >&5
configure:3710: $? = 0
configure:3719: result: yes
configure:3728: checking whether cc accepts -g
configure:3748: cc -c -g  conftest.c >&5
configure:3748: $? = 0
configure:3789: result: yes
configure:3806: checking for cc option to accept ISO C89
configure:3869: cc  -c  -Os  conftest.c >&5
conftest.c: In function 'e':
conftest.c:17:14: warning: old-style function definition [-Wold-style-definition]
   17 | static char *e (p, i)
      |              ^
configure:3869: $? = 0
configure:3882: result: none needed
configure:3907: checking whether cc understands -c and -o together
configure:3929: cc -c conftest.c -o conftest2.o
configure:3932: $? = 0
configure:3929: cc -c conftest.c -o conftest2.o
configure:3932: $? = 0
configure:3944: result: yes
configure:3964: checking whether make supports the include directive
configure:3979: make -f confmf.GNU && cat confinc.out
make[1]: Entering directory '/home/user/repos/fteqw/engine/libs-x86_64-pc-linux-gnu/libvorbis-1.3.7'
make[1]: Leaving directory '/home/user/repos/fteqw/engine/libs-x86_64-pc-linux-gnu/libvorbis-1.3.7'
this is the am__doit target
configure:3982: $? = 0
configure:4001: result: yes (GNU style)
configure:4026: checking dependency style of cc
configure:4137: result: gcc3
configure:4157: checking how to run the C preprocessor
configure:4188: cc -E  conftest.c
configure:4188: $? = 0
configure:4202: cc -E  conftest.c
conftest.c:11:10: fatal error: ac_nonexistent.h: No such file or directory
   11 | #include <ac_nonexistent.h>
      |          ^~~~~~~~~~~~~~~~~~
compilation terminated.
configure:4202: $? = 1
configure: failed program was:
| /* confdefs.h */
| #define PACKAGE_NAME "libvorbis"
| #define PACKAGE_TARNAME "libvorbis"
| #define PACKAGE_VERSION "1.3.7"
| #define PACKAGE_STRING "libvorbis 1.3.7"
| #define PACKAGE_BUGREPORT "vorbis-dev@xiph.org"
| #define PACKAGE_URL ""
| #define PACKAGE "libvorbis"
| #define VERSION "1.3.7"
| /* end confdefs.h.  */
| #include <ac_nonexistent.h>
configure:4227: result: cc -E
configure:4247: cc -E  conftest.c
configure:4247: $? = 0
configure:4261: cc -E  conftest.c
conftest.c:11:10: fatal error: ac_nonexistent.h: No such file or directory
   11 | #include <ac_nonexistent.h>
      |          ^~~~~~~~~~~~~~~~~~
compilation terminated.
configure:4261: $? = 1
configure: failed program was:
| /* confdefs.h */
| #define PACKAGE_NAME "libvorbis"
| #define PACKAGE_TARNAME "libvorbis"
| #define PACKAGE_VERSION "1.3.7"
| #define PACKAGE_STRING "libvorbis 1.3.7"
| #define PACKAGE_BUGREPORT "vorbis-dev@xiph.org"
| #define PACKAGE_URL ""
| #define PACKAGE "libvorbis"
| #define VERSION "1.3.7"
| /* end confdefs.h.  */
| #include <ac_nonexistent.h>
configure:4292: checking for inline
configure:4308: cc -c  -Os  conftest.c >&5
configure:4308: $? = 0
configure:4316: result: inline
configure:4684: checking how to print strings
configure:4711: result: printf
configure:4732: checking for a sed that does not truncate output
configure:4796: result: /usr/bin/sed
configure:4814: checking for grep that handles long lines and -e
configure:4872: result: /usr/bin/grep
configure:4877: checking for egrep
configure:4939: result: /usr/bin/grep -E
configure:4944: checking for fgrep
configure:5006: result: /usr/bin/grep -F
configure:5041: checking for ld used by cc
configure:5108: result: /usr/bin/ld
configure:5115: checking if the linker (/usr/bin/ld) is GNU ld
configure:5130: result: yes
configure:5142: checking for BSD- or MS-compatible name lister (nm)
configure:5196: result: /usr/bin/nm -B
configure:5326: checking the name lister (/usr/bin/nm -B) interface
configure:5333: cc -c  -Os  conftest.c >&5
configure:5336: /usr/bin/nm -B "conftest.o"
configure:5339: output
0000000000000000 B some_variable
configure:5346: result: BSD nm
configure:5349: checking whether ln -s works
configure:5353: result: yes
configure:5361: checking the maximum length of command line arguments
configure:5492: result: 1572864
configure:5540: checking how to convert x86_64-pc-linux-gnu file names to x86_64-pc-linux-gnu format
configure:5580: result: func_convert_file_noop
configure:5587: checking how to convert x86_64-pc-linux-gnu file names to toolchain format
configure:5607: result: func_convert_file_noop
configure:5614: checking for /usr/bin/ld option to reload object files
configure:5621: result: -r
configure:5655: checking for x86_64-pc-linux-gnu-objdump
configure:5682: result: objdump
configure:5751: checking how to recognize dependent libraries
configure:5951: result: pass_all
configure:5996: checking for x86_64-pc-linux-gnu-dlltool
configure:6023: result: dlltool
configure:6093: checking how to associate runtime and link libraries
configure:6120: result: printf %s\n
configure:6136: checking for x86_64-pc-linux-gnu-ar
configure:6166: result: no
configure:6180: checking for ar
configure:6196: found /usr/bin/ar
configure:6207: result: ar
configure:6244: checking for archiver @FILE support
configure:6261: cc -c  -Os  conftest.c >&5
configure:6261: $? = 0
configure:6264: ar cr libconftest.a @conftest.lst >&5
configure:6267: $? = 0
configure:6272: ar cr libconftest.a @conftest.lst >&5
ar: conftest.o: No such file or directory
configure:6275: $? = 1
configure:6287: result: @
configure:6305: checking for x86_64-pc-linux-gnu-strip
configure:6332: result: strip
configure:6404: checking for x86_64-pc-linux-gnu-ranlib
configure:6434: result: no
configure:6444: checking for ranlib
configure:6460: found /usr/bin/ranlib
configure:6471: result: ranlib
configure:6573: checking command to parse /usr/bin/nm -B output from cc object
configure:6726: cc -c  -Os  conftest.c >&5
configure:6729: $? = 0
configure:6733: /usr/bin/nm -B conftest.o | sed -n -e 's/^.*[	 ]\([ABCDGIRSTW][ABCDGIRSTW]*\)[	 ][	 ]*\([_A-Za-z][_A-Za-z0-9]*\)$/\1 \2 \2/p' | sed '/ __gnu_lto/d' > conftest.nm
configure:6799: cc -o conftest  -Os   conftest.c conftstm.o >&5
configure:6802: $? = 0
configure:6840: result: ok
configure:6887: checking for sysroot
configure:6917: result: no
configure:6924: checking for a working dd
configure:6962: result: /usr/bin/dd
configure:6966: checking how to truncate binary pipes
configure:6981: result: /usr/bin/dd bs=4096 count=1
configure:7117: cc -c  -Os  conftest.c >&5
configure:7120: $? = 0
configure:7270: checking for x86_64-pc-linux-gnu-mt
configure:7300: result: no
configure:7310: checking for mt
configure:7340: result: no
configure:7360: checking if : is a manifest tool
configure:7366: : '-?'
configure:7374: result: no
configure:8047: checking for ANSI C header files
configure:8067: cc -c  -Os  conftest.c >&5
configure:8067: $? = 0
configure:8140: cc -o conftest  -Os   conftest.c  >&5
configure:8140: $? = 0
configure:8140: ./conftest
configure:8140: $? = 0
configure:8151: result: yes
configure:8164: checking for sys/types.h
configure:8164: cc -c  -Os  conftest.c >&5
configure:8164: $? = 0
configure:8164: result: yes
configure:8164: checking for sys/stat.h
configure:8164: cc -c  -Os  conftest.c >&5
configure:8164: $? = 0
configure:8164: result: yes
configure:8164: checking for stdlib.h
configure:8164: cc -c  -Os  conftest.c >&5
configure:8164: $? = 0
configure:8164: result: yes
configure:8164: checking for string.h
configure:8164: cc -c  -Os  conftest.c >&5
configure:8164: $? = 0
configure:8164: result: yes
configure:8164: checking for memory.h
configure:8164: cc -c  -Os  conftest.c >&5
configure:8164: $? = 0
configure:8164: result: yes
configure:8164: checking for strings.h
configure:8164: cc -c  -Os  conftest.c >&5
configure:8164: $? = 0
configure:8164: result: yes
configure:8164: checking for inttypes.h
configure:8164: cc -c  -Os  conftest.c >&5
configure:8164: $? = 0
configure:8164: result: yes
configure:8164: checking for stdint.h
configure:8164: cc -c  -Os  conftest.c >&5
configure:8164: $? = 0
configure:8164: result: yes
configure:8164: checking for unistd.h
configure:8164: cc -c  -Os  conftest.c >&5
configure:8164: $? = 0
configure:8164: result: yes
configure:8178: checking for dlfcn.h
configure:8178: cc -c  -Os  conftest.c >&5
configure:8178: $? = 0
configure:8178: result: yes
configure:8432: checking for objdir
configure:8447: result: .libs
configure:8711: checking if cc supports -fno-rtti -fno-exceptions
configure:8729: cc -c  -Os  -fno-rtti -fno-exceptions conftest.c >&5
cc1: warning: command-line option '-fno-rtti' is valid for C++/D/ObjC++ but not for C
configure:8733: $? = 0
configure:8746: result: no
configure:9110: checking for cc option to produce PIC
configure:9117: result: -fPIC -DPIC
configure:9125: checking if cc PIC flag -fPIC -DPIC works
configure:9143: cc -c  -Os  -fPIC -DPIC -DPIC conftest.c >&5
configure:9147: $? = 0
configure:9160: result: yes
configure:9189: checking if cc static flag -static works
configure:9217: result: yes
configure:9232: checking if cc supports -c -o file.o
configure:9253: cc -c  -Os  -o out/conftest2.o conftest.c >&5
configure:9257: $? = 0
configure:9279: result: yes
configure:9287: checking if cc supports -c -o file.o
configure:9334: result: yes
configure:9367: checking whether the cc linker (/usr/bin/ld -m elf_x86_64) supports shared libraries
configure:10630: result: yes
configure:10870: checking dynamic linker characteristics
configure:11451: cc -o conftest  -Os   -Wl,-rpath -Wl,/foo conftest.c  >&5
configure:11451: $? = 0
configure:11700: result: GNU/Linux ld.so
configure:11822: checking how to hardcode library paths into programs
configure:11847: result: immediate
configure:12395: checking whether stripping libraries is possible
configure:12400: result: yes
configure:12435: checking if libtool supports shared libraries
configure:12437: result: yes
configure:12440: checking whether to build shared libraries
configure:12465: result: no
configure:12468: checking whether to build static libraries
configure:12472: result: yes
configure:12713: checking GCC version
configure:12716: result: 15.2.1
configure:12857: checking if cc accepts -Wdeclaration-after-statement
configure:12872: cc -o conftest -O3 -Wall -Wextra -ffast-math -D_REENTRANT -fsigned-char -Wdeclaration-after-statement   conftest.c  >&5
configure:12872: $? = 0
configure:12873: result: yes
configure:12887: checking for memory.h
configure:12887: result: yes
configure:12899: checking for cos in -lm
configure:12924: cc -o conftest -O3 -Wall -Wextra -ffast-math -D_REENTRANT -fsigned-char -Wdeclaration-after-statement  -Os -DUSE_MEMORY_H   conftest.c -lm   >&5
conftest.c:30:6: warning: conflicting types for built-in function 'cos'; expected 'double(double)' [-Wbuiltin-declaration-mismatch]
   30 | char cos ();
      |      ^~~
conftest.c:1:1: note: 'cos' is declared in header '<math.h>'
    1 | /* confdefs.h */
configure:12924: $? = 0
configure:12933: result: yes
configure:12941: checking for pthread_create in -lpthread
configure:12966: cc -o conftest -O3 -Wall -Wextra -ffast-math -D_REENTRANT -fsigned-char -Wdeclaration-after-statement  -Os -DUSE_MEMORY_H   conftest.c -lpthread   >&5
configure:12966: $? = 0
configure:12975: result: yes
configure:13234: checking for Ogg
configure:13287: result: yes
configure:13343: checking for oggpack_writealign
configure:13343: cc -o conftest -O3 -Wall -Wextra -ffast-math -D_REENTRANT -fsigned-char -Wdeclaration-after-statement  -Os -DUSE_MEMORY_H   conftest.c -L.. -logg -lm >&5
configure:13343: $? = 0
configure:13343: result: yes
configure:13354: checking for size_t
configure:13354: cc -c -O3 -Wall -Wextra -ffast-math -D_REENTRANT -fsigned-char -Wdeclaration-after-statement  -Os -DUSE_MEMORY_H  conftest.c >&5
configure:13354: $? = 0
configure:13354: cc -c -O3 -Wall -Wextra -ffast-math -D_REENTRANT -fsigned-char -Wdeclaration-after-statement  -Os -DUSE_MEMORY_H  conftest.c >&5
conftest.c: In function 'main':
conftest.c:59:21: error: expected expression before ')' token
   59 | if (sizeof ((size_t)))
      |                     ^
configure:13354: $? = 1
configure: failed program was:
| /* confdefs.h */
| #define PACKAGE_NAME "libvorbis"
| #define PACKAGE_TARNAME "libvorbis"
| #define PACKAGE_VERSION "1.3.7"
| #define PACKAGE_STRING "libvorbis 1.3.7"
| #define PACKAGE_BUGREPORT "vorbis-dev@xiph.org"
| #define PACKAGE_URL ""
| #define PACKAGE "libvorbis"
| #define VERSION "1.3.7"
| #define STDC_HEADERS 1
| #define HAVE_SYS_TYPES_H 1
| #define HAVE_SYS_STAT_H 1
| #define HAVE_STDLIB_H 1
| #define HAVE_STRING_H 1
| #define HAVE_MEMORY_H 1
| #define HAVE_STRINGS_H 1
| #define HAVE_INTTYPES_H 1
| #define HAVE_STDINT_H 1
| #define HAVE_UNISTD_H 1
| #define HAVE_DLFCN_H 1
| #define LT_OBJDIR ".libs/"
| /* end confdefs.h.  */
| #include <stdio.h>
| #ifdef HAVE_SYS_TYPES_H
| # include <sys/types.h>
| #endif
| #ifdef HAVE_SYS_STAT_H
| # include <sys/stat.h>
| #endif
| #ifdef STDC_HEADERS
| # include <stdlib.h>
| # include <stddef.h>
| #else
| # ifdef HAVE_STDLIB_H
| #  include <stdlib.h>
| # endif
| #endif
| #ifdef HAVE_STRING_H
| # if !defined STDC_HEADERS && defined HAVE_MEMORY_H
| #  include <memory.h>
| # endif
| # include <string.h>
| #endif
| #ifdef HAVE_STRINGS_H
| # include <strings.h>
| #endif
| #ifdef HAVE_INTTYPES_H
| # include <inttypes.h>
| #endif
| #ifdef HAVE_STDINT_H
| # include <stdint.h>
| #endif
| #ifdef HAVE_UNISTD_H
| # include <unistd.h>
| #endif
| int
| main ()
| {
| if (sizeof ((size_t)))
| 	    return 0;
|   ;
|   return 0;
| }
configure:13354: result: yes
configure:13367: checking for working alloca.h
configure:13384: cc -o conftest -O3 -Wall -Wextra -ffast-math -D_REENTRANT -fsigned-char -Wdeclaration-after-statement  -Os -DUSE_MEMORY_H   conftest.c  >&5
configure:13384: $? = 0
configure:13392: result: yes
configure:13400: checking for alloca
configure:13437: cc -o conftest -O3 -Wall -Wextra -ffast-math -D_REENTRANT -fsigned-char -Wdeclaration-after-statement  -Os -DUSE_MEMORY_H   conftest.c  >&5
configure:13437: $? = 0
configure:13445: result: yes
configure:13551: checking for working memcmp
configure:13594: cc -o conftest -O3 -Wall -Wextra -ffast-math -D_REENTRANT -fsigned-char -Wdeclaration-after-statement  -Os -DUSE_MEMORY_H   conftest.c  >&5
configure:13594: $? = 0
configure:13594: ./conftest
configure:13594: $? = 0
configure:13604: result: yes
configure:13736: checking that generated files are newer than configure
configure:13742: result: done
configure:13781: creating ./config.status

## ---------------------- ##
## Running config.status. ##
## ---------------------- ##

This file was extended by libvorbis config.status 1.3.7, which was
generated by GNU Autoconf 2.69.  Invocation command line was

  CONFIG_FILES    = 
  CONFIG_HEADERS  = 
  CONFIG_LINKS    = 
  CONFIG_COMMANDS = 
  $ ./config.status 

on almix-arch

config.status:1143: creating Makefile
config.status:1143: creating m4/Makefile
config.status:1143: creating lib/Makefile
config.status:1143: creating lib/modes/Makefile
config.status:1143: creating lib/books/Makefile
config.status:1143: creating lib/books/coupled/Makefile
config.status:1143: creating lib/books/uncoupled/Makefile
config.status:1143: creating lib/books/floor/Makefile
config.status:1143: creating doc/Makefile
config.status:1143: creating doc/vorbisfile/Makefile
config.status:1143: creating doc/vorbisenc/Makefile
config.status:1143: creating doc/libvorbis/Makefile
config.status:1143: creating doc/Doxyfile
config.status:1143: creating include/Makefile
config.status:1143: creating include/vorbis/Makefile
config.status:1143: creating examples/Makefile
config.status:1143: creating test/Makefile
config.status:1143: creating vq/Makefile
config.status:1143: creating libvorbis.spec
config.status:1143: creating vorbis.pc
config.status:1143: creating vorbisenc.pc
config.status:1143: creating vorbisfile.pc
config.status:1143: creating vorbis-uninstalled.pc
config.status:1143: creating vorbisenc-uninstalled.pc
config.status:1143: creating vorbisfile-uninstalled.pc
config.status:1143: creating config.h
config.status:1372: executing depfiles commands
config.status:1447: cd lib       && sed -e '/# am--include-marker/d' Makefile         | make -f - am--depfiles
make[1]: Entering directory '/home/user/repos/fteqw/engine/libs-x86_64-pc-linux-gnu/libvorbis-1.3.7/lib'
make[1]: Leaving directory '/home/user/repos/fteqw/engine/libs-x86_64-pc-linux-gnu/libvorbis-1.3.7/lib'
config.status:1454: $? = 0
config.status:1447: cd examples       && sed -e '/# am--include-marker/d' Makefile         | make -f - am--depfiles
make[1]: Entering directory '/home/user/repos/fteqw/engine/libs-x86_64-pc-linux-gnu/libvorbis-1.3.7/examples'
make[1]: Leaving directory '/home/user/repos/fteqw/engine/libs-x86_64-pc-linux-gnu/libvorbis-1.3.7/examples'
config.status:1454: $? = 0
config.status:1447: cd test       && sed -e '/# am--include-marker/d' Makefile         | make -f - am--depfiles
make[1]: Entering directory '/home/user/repos/fteqw/engine/libs-x86_64-pc-linux-gnu/libvorbis-1.3.7/test'
make[1]: Leaving directory '/home/user/repos/fteqw/engine/libs-x86_64-pc-linux-gnu/libvorbis-1.3.7/test'
config.status:1454: $? = 0
config.status:1447: cd vq       && sed -e '/# am--include-marker/d' Makefile         | make -f - am--depfiles
make[1]: Entering directory '/home/user/repos/fteqw/engine/libs-x86_64-pc-linux-gnu/libvorbis-1.3.7/vq'
make[1]: Leaving directory '/home/user/repos/fteqw/engine/libs-x86_64-pc-linux-gnu/libvorbis-1.3.7/vq'
config.status:1454: $? = 0
config.status:1372: executing libtool commands

## ---------------- ##
## Cache variables. ##
## ---------------- ##

ac_cv_build=x86_64-pc-linux-gnu
ac_cv_c_compiler_gnu=yes
ac_cv_c_inline=inline
ac_cv_env_CC_set=set
ac_cv_env_CC_value=cc
ac_cv_env_CFLAGS_set=set
ac_cv_env_CFLAGS_value=' -Os'
ac_cv_env_CPPFLAGS_set=
ac_cv_env_CPPFLAGS_value=
ac_cv_env_CPP_set=
ac_cv_env_CPP_value=
ac_cv_env_LDFLAGS_set=
ac_cv_env_LDFLAGS_value=
ac_cv_env_LIBS_set=
ac_cv_env_LIBS_value=
ac_cv_env_LT_SYS_LIBRARY_PATH_set=
ac_cv_env_LT_SYS_LIBRARY_PATH_value=
ac_cv_env_OGG_CFLAGS_set=
ac_cv_env_OGG_CFLAGS_value=
ac_cv_env_OGG_LIBS_set=
ac_cv_env_OGG_LIBS_value=
ac_cv_env_PKG_CONFIG_set=set
ac_cv_env_PKG_CONFIG_value=
ac_cv_env_build_alias_set=
ac_cv_env_build_alias_value=
ac_cv_env_host_alias_set=set
ac_cv_env_host_alias_value=x86_64-pc-linux-gnu
ac_cv_env_target_alias_set=
ac_cv_env_target_alias_value=
ac_cv_func_alloca_works=yes
ac_cv_func_memcmp_working=yes
ac_cv_func_oggpack_writealign=yes
ac_cv_header_dlfcn_h=yes
ac_cv_header_inttypes_h=yes
ac_cv_header_memory_h=yes
ac_cv_header_stdc=yes
ac_cv_header_stdint_h=yes
ac_cv_header_stdlib_h=yes
ac_cv_header_string_h=yes
ac_cv_header_strings_h=yes
ac_cv_header_sys_stat_h=yes
ac_cv_header_sys_types_h=yes
ac_cv_header_unistd_h=yes
ac_cv_host=x86_64-pc-linux-gnu
ac_cv_lib_m_cos=yes
ac_cv_lib_pthread_pthread_create=yes
ac_cv_objext=o
ac_cv_path_EGREP='/usr/bin/grep -E'
ac_cv_path_FGREP='/usr/bin/grep -F'
ac_cv_path_GREP=/usr/bin/grep
ac_cv_path_SED=/usr/bin/sed
ac_cv_path_install='/usr/bin/install -c'
ac_cv_path_lt_DD=/usr/bin/dd
ac_cv_path_mkdir=/usr/bin/mkdir
ac_cv_prog_AWK=gawk
ac_cv_prog_CC=cc
ac_cv_prog_CPP='cc -E'
ac_cv_prog_DLLTOOL=dlltool
ac_cv_prog_OBJDUMP=objdump
ac_cv_prog_STRIP=strip
ac_cv_prog_ac_ct_AR=ar
ac_cv_prog_ac_ct_RANLIB=ranlib
ac_cv_prog_ac_ct_STRIP=strip
ac_cv_prog_cc_c89=
ac_cv_prog_cc_g=yes
ac_cv_prog_make_make_set=yes
ac_cv_type_size_t=yes
ac_cv_working_alloca_h=yes
am_cv_CC_dependencies_compiler_type=gcc3
am_cv_make_support_nested_variables=yes
am_cv_prog_cc_c_o=yes
lt_cv_ar_at_file=@
lt_cv_deplibs_check_method=pass_all
lt_cv_file_magic_cmd='$MAGIC_CMD'
lt_cv_file_magic_test_file=
lt_cv_ld_reload_flag=-r
lt_cv_nm_interface='BSD nm'
lt_cv_objdir=.libs
lt_cv_path_LD=/usr/bin/ld
lt_cv_path_NM='/usr/bin/nm -B'
lt_cv_path_mainfest_tool=no
lt_cv_prog_compiler_c_o=yes
lt_cv_prog_compiler_pic='-fPIC -DPIC'
lt_cv_prog_compiler_pic_works=yes
lt_cv_prog_compiler_rtti_exceptions=no
lt_cv_prog_compiler_static_works=yes
lt_cv_prog_gnu_ld=yes
lt_cv_sharedlib_from_linklib_cmd='printf %s\n'
lt_cv_shlibpath_overrides_runpath=yes
lt_cv_sys_global_symbol_pipe='sed -n -e '\''s/^.*[	 ]\([ABCDGIRSTW][ABCDGIRSTW]*\)[	 ][	 ]*\([_A-Za-z][_A-Za-z0-9]*\)$/\1 \2 \2/p'\'' | sed '\''/ __gnu_lto/d'\'''
lt_cv_sys_global_symbol_to_c_name_address='sed -n -e '\''s/^: \(.*\) .*$/  {"\1", (void *) 0},/p'\'' -e '\''s/^[ABCDGIRSTW][ABCDGIRSTW]* .* \(.*\)$/  {"\1", (void *) \&\1},/p'\'''
lt_cv_sys_global_symbol_to_c_name_address_lib_prefix='sed -n -e '\''s/^: \(.*\) .*$/  {"\1", (void *) 0},/p'\'' -e '\''s/^[ABCDGIRSTW][ABCDGIRSTW]* .* \(lib.*\)$/  {"\1", (void *) \&\1},/p'\'' -e '\''s/^[ABCDGIRSTW][ABCDGIRSTW]* .* \(.*\)$/  {"lib\1", (void *) \&\1},/p'\'''
lt_cv_sys_global_symbol_to_cdecl='sed -n -e '\''s/^T .* \(.*\)$/extern int \1();/p'\'' -e '\''s/^[ABCDGIRSTW][ABCDGIRSTW]* .* \(.*\)$/extern char \1;/p'\'''
lt_cv_sys_global_symbol_to_import=
lt_cv_sys_max_cmd_len=1572864
lt_cv_to_host_file_cmd=func_convert_file_noop
lt_cv_to_tool_file_cmd=func_convert_file_noop
lt_cv_truncate_bin='/usr/bin/dd bs=4096 count=1'

## ----------------- ##
## Output variables. ##
## ----------------- ##

ACLOCAL='${SHELL} /home/user/repos/fteqw/engine/libs-x86_64-pc-linux-gnu/libvorbis-1.3.7/missing aclocal-1.16'
ACLOCAL_AMFLAGS='-I m4'
ALLOCA=''
AMDEPBACKSLASH='\'
AMDEP_FALSE='#'
AMDEP_TRUE=''
AMTAR='$${TAR-tar}'
AM_BACKSLASH='\'
AM_DEFAULT_V='$(AM_DEFAULT_VERBOSITY)'
AM_DEFAULT_VERBOSITY='0'
AM_V='$(V)'
AR='ar'
AS='as'
AUTOCONF='${SHELL} /home/user/repos/fteqw/engine/libs-x86_64-pc-linux-gnu/libvorbis-1.3.7/missing autoconf'
AUTOHEADER='${SHELL} /home/user/repos/fteqw/engine/libs-x86_64-pc-linux-gnu/libvorbis-1.3.7/missing autoheader'
AUTOMAKE='${SHELL} /home/user/repos/fteqw/engine/libs-x86_64-pc-linux-gnu/libvorbis-1.3.7/missing automake-1.16'
AWK='gawk'
BUILD_DOCS_FALSE=''
BUILD_DOCS_TRUE='#'
BUILD_EXAMPLES_FALSE=''
BUILD_EXAMPLES_TRUE='#'
CC='cc'
CCDEPMODE='depmode=gcc3'
CFLAGS='-O3 -Wall -Wextra -ffast-math -D_REENTRANT -fsigned-char -Wdeclaration-after-statement  -Os -DUSE_MEMORY_H'
CPP='cc -E'
CPPFLAGS=''
CYGPATH_W='echo'
DEBUG='-g -Wall -Wextra -D_REENTRANT -D__NO_MATH_INLINES -fsigned-char'
DEFS='-DHAVE_CONFIG_H'
DEPDIR='.deps'
DLLTOOL='dlltool'
DSYMUTIL=''
DUMPBIN=''
ECHO_C=''
ECHO_N='-n'
ECHO_T=''
EGREP='/usr/bin/grep -E'
EXEEXT=''
FGREP='/usr/bin/grep -F'
GREP='/usr/bin/grep'
HAVE_DOXYGEN='false'
HAVE_DOXYGEN_FALSE=''
HAVE_DOXYGEN_TRUE='#'
HTLATEX=''
INSTALL_DATA='${INSTALL} -m 644'
INSTALL_PROGRAM='${INSTALL}'
INSTALL_SCRIPT='${INSTALL}'
INSTALL_STRIP_PROGRAM='$(install_sh) -c -s'
LD='/usr/bin/ld -m elf_x86_64'
LDFLAGS=''
LIBOBJS=''
LIBS=''
LIBTOOL='$(SHELL) $(top_builddir)/libtool'
LIBTOOL_DEPS='./ltmain.sh'
LIPO=''
LN_S='ln -s'
LTLIBOBJS=''
LT_SYS_LIBRARY_PATH=''
MAINT='#'
MAINTAINER_MODE_FALSE=''
MAINTAINER_MODE_TRUE='#'
MAKEINFO='${SHELL} /home/user/repos/fteqw/engine/libs-x86_64-pc-linux-gnu/libvorbis-1.3.7/missing makeinfo'
MANIFEST_TOOL=':'
MKDIR_P='/usr/bin/mkdir -p'
NM='/usr/bin/nm -B'
NMEDIT=''
OBJDUMP='objdump'
OBJEXT='o'
OGG_CFLAGS='-I/home/user/repos/fteqw/engine/libs-x86_64-pc-linux-gnu/libogg-1.3.6/include'
OGG_LIBS='-L.. -logg'
OTOOL64=''
OTOOL=''
PACKAGE='libvorbis'
PACKAGE_BUGREPORT='vorbis-dev@xiph.org'
PACKAGE_NAME='libvorbis'
PACKAGE_STRING='libvorbis 1.3.7'
PACKAGE_TARNAME='libvorbis'
PACKAGE_URL=''
PACKAGE_VERSION='1.3.7'
PATH_SEPARATOR=':'
PDFLATEX=''
PKG_CONFIG=''
PROFILE='-pg -g -O3 -ffast-math -D_REENTRANT -fsigned-char'
RANLIB='ranlib'
SED='/usr/bin/sed'
SET_MAKE=''
SHELL='/bin/sh'
STRIP='strip'
VERSION='1.3.7'
VE_LIB_AGE='0'
VE_LIB_CURRENT='2'
VE_LIB_REVISION='12'
VF_LIB_AGE='3'
VF_LIB_CURRENT='6'
VF_LIB_REVISION='8'
VORBIS_LIBS='-lm'
V_LIB_AGE='4'
V_LIB_CURRENT='4'
V_LIB_REVISION='9'
ac_ct_AR='ar'
ac_ct_CC=''
ac_ct_DUMPBIN=''
am__EXEEXT_FALSE=''
am__EXEEXT_TRUE='#'
am__fastdepCC_FALSE='#'
am__fastdepCC_TRUE=''
am__include='include'
am__isrc=''
am__leading_dot='.'
am__nodep='_no'
am__quote=''
am__tar='$${TAR-tar} chof - "$$tardir"'
am__untar='$${TAR-tar} xf -'
bindir='${exec_prefix}/bin'
build='x86_64-pc-linux-gnu'
build_alias=''
build_cpu='x86_64'
build_os='linux-gnu'
build_vendor='pc'
datadir='${datarootdir}'
datarootdir='${prefix}/share'
docdir='${datarootdir}/doc/${PACKAGE_TARNAME}'
dvidir='${docdir}'
exec_prefix='${prefix}'
host='x86_64-pc-linux-gnu'
host_alias='x86_64-pc-linux-gnu'
host_cpu='x86_64'
host_os='linux-gnu'
host_vendor='pc'
htmldir='${docdir}'
includedir='${prefix}/include'
infodir='${datarootdir}/info'
install_sh='${SHELL} /home/user/repos/fteqw/engine/libs-x86_64-pc-linux-gnu/libvorbis-1.3.7/install-sh'
libdir='${exec_prefix}/lib'
libexecdir='${exec_prefix}/libexec'
localedir='${datarootdir}/locale'
localstatedir='${prefix}/var'
mandir='${datarootdir}/man'
mkdir_p='$(MKDIR_P)'
oldincludedir='/usr/include'
pdfdir='${docdir}'
prefix='/usr/local'
program_transform_name='s,x,x,'
psdir='${docdir}'
pthread_lib='-lpthread'
runstatedir='${localstatedir}/run'
sbindir='${exec_prefix}/sbin'
sharedstatedir='${prefix}/com'
sysconfdir='${prefix}/etc'
target_alias=''

## ----------- ##
## confdefs.h. ##
## ----------- ##

/* confdefs.h */
#define PACKAGE_NAME "libvorbis"
#define PACKAGE_TARNAME "libvorbis"
#define PACKAGE_VERSION "1.3.7"
#define PACKAGE_STRING "libvorbis 1.3.7"
#define PACKAGE_BUGREPORT "vorbis-dev@xiph.org"
#define PACKAGE_URL ""
#define PACKAGE "libvorbis"
#define VERSION "1.3.7"
#define STDC_HEADERS 1
#define HAVE_SYS_TYPES_H 1
#define HAVE_SYS_STAT_H 1
#define HAVE_STDLIB_H 1
#define HAVE_STRING_H 1
#define HAVE_MEMORY_H 1
#define HAVE_STRINGS_H 1
#define HAVE_INTTYPES_H 1
#define HAVE_STDINT_H 1
#define HAVE_UNISTD_H 1
#define HAVE_DLFCN_H 1
#define LT_OBJDIR ".libs/"
#define HAVE_ALLOCA_H 1
#define HAVE_ALLOCA 1

configure: exit 0
