This file contains any messages produced by compilers while
running configure, to aid debugging if configure makes a mistake.

It was created by FreeType configure 2.10.1, which was
generated by GNU Autoconf 2.69.  Invocation command line was

  $ ./configure CPPFLAGS=-I/home/user/repos/fteqw/engine/libs-x86_64-pc-linux-gnu/ LDFLAGS=-L/home/user/repos/fteqw/engine/libs-x86_64-pc-linux-gnu/ --host=x86_64-pc-linux-gnu --enable-shared=no CC=cc --with-zlib=yes --with-png=yes --with-bzip2=no --with-harfbuzz=no

## --------- ##
## Platform. ##
## --------- ##

hostname = almix-arch
uname -m = x86_64
uname -r = 6.19.8-arch1-1
uname -s = Linux
uname -v = #1 SMP PREEMPT_DYNAMIC Sat, 14 Mar 2026 01:07:43 +0000

/usr/bin/uname -p = unknown
/bin/uname -X     = unknown

/bin/arch              = unknown
/usr/bin/arch -k       = unknown
/usr/convex/getsysinfo = unknown
/usr/bin/hostinfo      = unknown
/bin/machine           = unknown
/usr/bin/oslevel       = unknown
/bin/universe          = unknown

PATH: /home/user/anaconda3/condabin
PATH: /home/user/.local/bin
PATH: /home/user/bin
PATH: /usr/local/sbin
PATH: /usr/local/bin
PATH: /usr/bin
PATH: /home/user/.local/share/flatpak/exports/bin
PATH: /var/lib/flatpak/exports/bin
PATH: /usr/lib/jvm/default/bin
PATH: /usr/bin/site_perl
PATH: /usr/bin/vendor_perl
PATH: /usr/bin/core_perl


## ----------- ##
## Core tests. ##
## ----------- ##

configure:2547: checking build system type
configure:2561: result: x86_64-pc-linux-gnu
configure:2581: checking host system type
configure:2594: result: x86_64-pc-linux-gnu
configure:2626: checking for x86_64-pc-linux-gnu-gcc
configure:2653: result: cc
configure:2922: checking for C compiler version
configure:2931: cc --version >&5
cc (GCC) 15.2.1 20260209
Copyright (C) 2025 Free Software Foundation, Inc.
This is free software; see the source for copying conditions.  There is NO
warranty; not even for MERCHANTABILITY or FITNESS FOR A PARTICULAR PURPOSE.

configure:2942: $? = 0
configure:2931: cc -v >&5
Using built-in specs.
COLLECT_GCC=cc
COLLECT_LTO_WRAPPER=/usr/lib/gcc/x86_64-pc-linux-gnu/15.2.1/lto-wrapper
Target: x86_64-pc-linux-gnu
Configured with: /build/gcc/src/gcc/configure --enable-languages=ada,c,c++,d,fortran,go,lto,m2,objc,obj-c++,rust,cobol --enable-bootstrap --prefix=/usr --libdir=/usr/lib --libexecdir=/usr/lib --mandir=/usr/share/man --infodir=/usr/share/info --with-bugurl=https://gitlab.archlinux.org/archlinux/packaging/packages/gcc/-/issues --with-build-config=bootstrap-lto --with-linker-hash-style=gnu --with-system-zlib --enable-__cxa_atexit --enable-cet=auto --enable-checking=release --enable-clocale=gnu --enable-default-pie --enable-default-ssp --enable-gnu-indirect-function --enable-gnu-unique-object --enable-libstdcxx-backtrace --enable-link-serialization=1 --enable-linker-build-id --enable-lto --enable-multilib --enable-plugin --enable-shared --enable-threads=posix --disable-libssp --disable-libstdcxx-pch --disable-werror
Thread model: posix
Supported LTO compression algorithms: zlib zstd
gcc version 15.2.1 20260209 (GCC) 
configure:2942: $? = 0
configure:2931: cc -V >&5
cc: error: unrecognized command-line option '-V'
cc: fatal error: no input files
compilation terminated.
configure:2942: $? = 1
configure:2931: cc -qversion >&5
cc: error: unrecognized command-line option '-qversion'; did you mean '--version'?
cc: fatal error: no input files
compilation terminated.
configure:2942: $? = 1
configure:2962: checking whether the C compiler works
configure:2984: cc  -Os -Os -I/home/user/repos/fteqw/engine/libs-x86_64-pc-linux-gnu/ -L/home/user/repos/fteqw/engine/libs-x86_64-pc-linux-gnu/ conftest.c  >&5
configure:2988: $? = 0
configure:3036: result: yes
configure:3039: checking for C compiler default output file name
configure:3041: result: a.out
configure:3047: checking for suffix of executables
configure:3054: cc -o conftest  -Os -Os -I/home/user/repos/fteqw/engine/libs-x86_64-pc-linux-gnu/ -L/home/user/repos/fteqw/engine/libs-x86_64-pc-linux-gnu/ conftest.c  >&5
configure:3058: $? = 0
configure:3080: result: 
configure:3102: checking whether we are cross compiling
configure:3110: cc -o conftest  -Os -Os -I/home/user/repos/fteqw/engine/libs-x86_64-pc-linux-gnu/ -L/home/user/repos/fteqw/engine/libs-x86_64-pc-linux-gnu/ conftest.c  >&5
configure:3114: $? = 0
configure:3121: ./conftest
configure:3125: $? = 0
configure:3140: result: no
configure:3145: checking for suffix of object files
configure:3167: cc -c  -Os -Os -I/home/user/repos/fteqw/engine/libs-x86_64-pc-linux-gnu/ conftest.c >&5
configure:3171: $? = 0
configure:3192: result: o
configure:3196: checking whether we are using the GNU C compiler
configure:3215: cc -c  -Os -Os -I/home/user/repos/fteqw/engine/libs-x86_64-pc-linux-gnu/ conftest.c >&5
configure:3215: $? = 0
configure:3224: result: yes
configure:3233: checking whether cc accepts -g
configure:3253: cc -c -g -I/home/user/repos/fteqw/engine/libs-x86_64-pc-linux-gnu/ conftest.c >&5
configure:3253: $? = 0
configure:3294: result: yes
configure:3311: checking for cc option to accept ISO C89
configure:3374: cc  -c  -Os -Os -I/home/user/repos/fteqw/engine/libs-x86_64-pc-linux-gnu/ conftest.c >&5
conftest.c: In function 'e':
conftest.c:15:14: warning: old-style function definition [-Wold-style-definition]
   15 | static char *e (p, i)
      |              ^
configure:3374: $? = 0
configure:3387: result: none needed
configure:3412: checking how to run the C preprocessor
configure:3443: cc -E -I/home/user/repos/fteqw/engine/libs-x86_64-pc-linux-gnu/ conftest.c
configure:3443: $? = 0
configure:3457: cc -E -I/home/user/repos/fteqw/engine/libs-x86_64-pc-linux-gnu/ conftest.c
conftest.c:9:10: fatal error: ac_nonexistent.h: No such file or directory
    9 | #include <ac_nonexistent.h>
      |          ^~~~~~~~~~~~~~~~~~
compilation terminated.
configure:3457: $? = 1
configure: failed program was:
| /* confdefs.h */
| #define PACKAGE_NAME "FreeType"
| #define PACKAGE_TARNAME "freetype"
| #define PACKAGE_VERSION "2.10.1"
| #define PACKAGE_STRING "FreeType 2.10.1"
| #define PACKAGE_BUGREPORT "freetype@nongnu.org"
| #define PACKAGE_URL ""
| /* end confdefs.h.  */
| #include <ac_nonexistent.h>
configure:3482: result: cc -E
configure:3502: cc -E -I/home/user/repos/fteqw/engine/libs-x86_64-pc-linux-gnu/ conftest.c
configure:3502: $? = 0
configure:3516: cc -E -I/home/user/repos/fteqw/engine/libs-x86_64-pc-linux-gnu/ conftest.c
conftest.c:9:10: fatal error: ac_nonexistent.h: No such file or directory
    9 | #include <ac_nonexistent.h>
      |          ^~~~~~~~~~~~~~~~~~
compilation terminated.
configure:3516: $? = 1
configure: failed program was:
| /* confdefs.h */
| #define PACKAGE_NAME "FreeType"
| #define PACKAGE_TARNAME "freetype"
| #define PACKAGE_VERSION "2.10.1"
| #define PACKAGE_STRING "FreeType 2.10.1"
| #define PACKAGE_BUGREPORT "freetype@nongnu.org"
| #define PACKAGE_URL ""
| /* end confdefs.h.  */
| #include <ac_nonexistent.h>
configure:3557: checking for x86_64-pc-linux-gnu-pkg-config
configure:3575: found /usr/bin/x86_64-pc-linux-gnu-pkg-config
configure:3587: result: /usr/bin/x86_64-pc-linux-gnu-pkg-config
configure:3655: checking pkg-config is at least version 0.24
configure:3658: result: yes
configure:3713: checking how to print strings
configure:3740: result: printf
configure:3761: checking for a sed that does not truncate output
configure:3825: result: /usr/bin/sed
configure:3843: checking for grep that handles long lines and -e
configure:3901: result: /usr/bin/grep
configure:3906: checking for egrep
configure:3968: result: /usr/bin/grep -E
configure:3973: checking for fgrep
configure:4035: result: /usr/bin/grep -F
configure:4070: checking for ld used by cc
configure:4137: result: /usr/bin/ld
configure:4144: checking if the linker (/usr/bin/ld) is GNU ld
configure:4159: result: yes
configure:4171: checking for BSD- or MS-compatible name lister (nm)
configure:4225: result: /usr/bin/nm -B
configure:4355: checking the name lister (/usr/bin/nm -B) interface
configure:4362: cc -c  -Os -Os -I/home/user/repos/fteqw/engine/libs-x86_64-pc-linux-gnu/ conftest.c >&5
configure:4365: /usr/bin/nm -B "conftest.o"
configure:4368: output
0000000000000000 B some_variable
configure:4375: result: BSD nm
configure:4378: checking whether ln -s works
configure:4382: result: yes
configure:4390: checking the maximum length of command line arguments
configure:4521: result: 1572864
configure:4569: checking how to convert x86_64-pc-linux-gnu file names to x86_64-pc-linux-gnu format
configure:4609: result: func_convert_file_noop
configure:4616: checking how to convert x86_64-pc-linux-gnu file names to toolchain format
configure:4636: result: func_convert_file_noop
configure:4643: checking for /usr/bin/ld option to reload object files
configure:4650: result: -r
configure:4684: checking for x86_64-pc-linux-gnu-objdump
configure:4714: result: no
configure:4724: checking for objdump
configure:4740: found /usr/bin/objdump
configure:4751: result: objdump
configure:4780: checking how to recognize dependent libraries
configure:4980: result: pass_all
configure:5025: checking for x86_64-pc-linux-gnu-dlltool
configure:5055: result: no
configure:5065: checking for dlltool
configure:5095: result: no
configure:5122: checking how to associate runtime and link libraries
configure:5149: result: printf %s\n
configure:5166: checking for x86_64-pc-linux-gnu-ar
configure:5196: result: no
configure:5210: checking for ar
configure:5226: found /usr/bin/ar
configure:5237: result: ar
configure:5274: checking for archiver @FILE support
configure:5291: cc -c  -Os -Os -I/home/user/repos/fteqw/engine/libs-x86_64-pc-linux-gnu/ conftest.c >&5
configure:5291: $? = 0
configure:5294: ar cru libconftest.a @conftest.lst >&5
ar: `u' modifier ignored since `D' is the default (see `U')
configure:5297: $? = 0
configure:5302: ar cru libconftest.a @conftest.lst >&5
ar: `u' modifier ignored since `D' is the default (see `U')
ar: conftest.o: No such file or directory
configure:5305: $? = 1
configure:5317: result: @
configure:5335: checking for x86_64-pc-linux-gnu-strip
configure:5365: result: no
configure:5375: checking for strip
configure:5391: found /usr/bin/strip
configure:5402: result: strip
configure:5434: checking for x86_64-pc-linux-gnu-ranlib
configure:5464: result: no
configure:5474: checking for ranlib
configure:5490: found /usr/bin/ranlib
configure:5501: result: ranlib
configure:5578: checking for gawk
configure:5594: found /usr/bin/gawk
configure:5605: result: gawk
configure:5645: checking command to parse /usr/bin/nm -B output from cc object
configure:5798: cc -c  -Os -Os -I/home/user/repos/fteqw/engine/libs-x86_64-pc-linux-gnu/ conftest.c >&5
configure:5801: $? = 0
configure:5805: /usr/bin/nm -B conftest.o \| sed -n -e 's/^.*[ ]\([ABCDGIRSTW][ABCDGIRSTW]*\)[ ][ ]*\([_A-Za-z][_A-Za-z0-9]*\)$/\1 \2 \2/p' | sed '/ __gnu_lto/d' \> conftest.nm
configure:5808: $? = 0
configure:5874: cc -o conftest  -Os -Os -I/home/user/repos/fteqw/engine/libs-x86_64-pc-linux-gnu/ -L/home/user/repos/fteqw/engine/libs-x86_64-pc-linux-gnu/ conftest.c conftstm.o >&5
configure:5877: $? = 0
configure:5915: result: ok
configure:5962: checking for sysroot
configure:5992: result: no
configure:5999: checking for a working dd
configure:6037: result: /usr/bin/dd
configure:6041: checking how to truncate binary pipes
configure:6056: result: /usr/bin/dd bs=4096 count=1
configure:6192: cc -c  -Os -Os -I/home/user/repos/fteqw/engine/libs-x86_64-pc-linux-gnu/ conftest.c >&5
configure:6195: $? = 0
configure:6345: checking for x86_64-pc-linux-gnu-mt
configure:6375: result: no
configure:6385: checking for mt
configure:6415: result: no
configure:6435: checking if : is a manifest tool
configure:6441: : '-?'
configure:6449: result: no
configure:7122: checking for ANSI C header files
configure:7142: cc -c  -Os -Os -I/home/user/repos/fteqw/engine/libs-x86_64-pc-linux-gnu/ conftest.c >&5
configure:7142: $? = 0
configure:7215: cc -o conftest  -Os -Os -I/home/user/repos/fteqw/engine/libs-x86_64-pc-linux-gnu/ -L/home/user/repos/fteqw/engine/libs-x86_64-pc-linux-gnu/ conftest.c  >&5
configure:7215: $? = 0
configure:7215: ./conftest
configure:7215: $? = 0
configure:7226: result: yes
configure:7239: checking for sys/types.h
configure:7239: cc -c  -Os -Os -I/home/user/repos/fteqw/engine/libs-x86_64-pc-linux-gnu/ conftest.c >&5
configure:7239: $? = 0
configure:7239: result: yes
configure:7239: checking for sys/stat.h
configure:7239: cc -c  -Os -Os -I/home/user/repos/fteqw/engine/libs-x86_64-pc-linux-gnu/ conftest.c >&5
configure:7239: $? = 0
configure:7239: result: yes
configure:7239: checking for stdlib.h
configure:7239: cc -c  -Os -Os -I/home/user/repos/fteqw/engine/libs-x86_64-pc-linux-gnu/ conftest.c >&5
configure:7239: $? = 0
configure:7239: result: yes
configure:7239: checking for string.h
configure:7239: cc -c  -Os -Os -I/home/user/repos/fteqw/engine/libs-x86_64-pc-linux-gnu/ conftest.c >&5
configure:7239: $? = 0
configure:7239: result: yes
configure:7239: checking for memory.h
configure:7239: cc -c  -Os -Os -I/home/user/repos/fteqw/engine/libs-x86_64-pc-linux-gnu/ conftest.c >&5
configure:7239: $? = 0
configure:7239: result: yes
configure:7239: checking for strings.h
configure:7239: cc -c  -Os -Os -I/home/user/repos/fteqw/engine/libs-x86_64-pc-linux-gnu/ conftest.c >&5
configure:7239: $? = 0
configure:7239: result: yes
configure:7239: checking for inttypes.h
configure:7239: cc -c  -Os -Os -I/home/user/repos/fteqw/engine/libs-x86_64-pc-linux-gnu/ conftest.c >&5
configure:7239: $? = 0
configure:7239: result: yes
configure:7239: checking for stdint.h
configure:7239: cc -c  -Os -Os -I/home/user/repos/fteqw/engine/libs-x86_64-pc-linux-gnu/ conftest.c >&5
configure:7239: $? = 0
configure:7239: result: yes
configure:7239: checking for unistd.h
configure:7239: cc -c  -Os -Os -I/home/user/repos/fteqw/engine/libs-x86_64-pc-linux-gnu/ conftest.c >&5
configure:7239: $? = 0
configure:7239: result: yes
configure:7253: checking for dlfcn.h
configure:7253: cc -c  -Os -Os -I/home/user/repos/fteqw/engine/libs-x86_64-pc-linux-gnu/ conftest.c >&5
configure:7253: $? = 0
configure:7253: result: yes
configure:7807: checking for objdir
configure:7822: result: .libs
configure:8082: checking if cc supports -fno-rtti -fno-exceptions
configure:8100: cc -c  -Os -Os -I/home/user/repos/fteqw/engine/libs-x86_64-pc-linux-gnu/ -fno-rtti -fno-exceptions conftest.c >&5
cc1: warning: command-line option '-fno-rtti' is valid for C++/D/ObjC++ but not for C
configure:8104: $? = 0
configure:8117: result: no
configure:8475: checking for cc option to produce PIC
configure:8482: result: -fPIC -DPIC
configure:8490: checking if cc PIC flag -fPIC -DPIC works
configure:8508: cc -c  -Os -Os -I/home/user/repos/fteqw/engine/libs-x86_64-pc-linux-gnu/ -fPIC -DPIC -DPIC conftest.c >&5
configure:8512: $? = 0
configure:8525: result: yes
configure:8554: checking if cc static flag -static works
configure:8582: result: yes
configure:8597: checking if cc supports -c -o file.o
configure:8618: cc -c  -Os -Os -I/home/user/repos/fteqw/engine/libs-x86_64-pc-linux-gnu/ -o out/conftest2.o conftest.c >&5
configure:8622: $? = 0
configure:8644: result: yes
configure:8652: checking if cc supports -c -o file.o
configure:8699: result: yes
configure:8732: checking whether the cc linker (/usr/bin/ld -m elf_x86_64) supports shared libraries
configure:9991: result: yes
configure:10231: checking dynamic linker characteristics
configure:10812: cc -o conftest  -Os -Os -I/home/user/repos/fteqw/engine/libs-x86_64-pc-linux-gnu/ -L/home/user/repos/fteqw/engine/libs-x86_64-pc-linux-gnu/ -Wl,-rpath -Wl,/foo conftest.c  >&5
configure:10812: $? = 0
configure:11049: result: GNU/Linux ld.so
configure:11171: checking how to hardcode library paths into programs
configure:11196: result: immediate
configure:11744: checking whether stripping libraries is possible
configure:11749: result: yes
configure:11784: checking if libtool supports shared libraries
configure:11786: result: yes
configure:11789: checking whether to build shared libraries
configure:11814: result: no
configure:11817: checking whether to build static libraries
configure:11821: result: yes
configure:11858: checking windows.h usability
configure:11858: cc -c  -Os -Os -I/home/user/repos/fteqw/engine/libs-x86_64-pc-linux-gnu/ conftest.c >&5
conftest.c:54:10: fatal error: windows.h: No such file or directory
   54 | #include <windows.h>
      |          ^~~~~~~~~~~
compilation terminated.
configure:11858: $? = 1
configure: failed program was:
| /* confdefs.h */
| #define PACKAGE_NAME "FreeType"
| #define PACKAGE_TARNAME "freetype"
| #define PACKAGE_VERSION "2.10.1"
| #define PACKAGE_STRING "FreeType 2.10.1"
| #define PACKAGE_BUGREPORT "freetype@nongnu.org"
| #define PACKAGE_URL ""
| #define STDC_HEADERS 1
| #define HAVE_SYS_TYPES_H 1
| #define HAVE_SYS_STAT_H 1
| #define HAVE_STDLIB_H 1
| #define HAVE_STRING_H 1
| #define HAVE_MEMORY_H 1
| #define HAVE_STRINGS_H 1
| #define HAVE_INTTYPES_H 1
| #define HAVE_STDINT_H 1
| #define HAVE_UNISTD_H 1
| #define HAVE_DLFCN_H 1
| #define LT_OBJDIR ".libs/"
| /* end confdefs.h.  */
| #include <stdio.h>
| #ifdef HAVE_SYS_TYPES_H
| # include <sys/types.h>
| #endif
| #ifdef HAVE_SYS_STAT_H
| # include <sys/stat.h>
| #endif
| #ifdef STDC_HEADERS
| # include <stdlib.h>
| # include <stddef.h>
| #else
| # ifdef HAVE_STDLIB_H
| #  include <stdlib.h>
| # endif
| #endif
| #ifdef HAVE_STRING_H
| # if !defined STDC_HEADERS && defined HAVE_MEMORY_H
| #  include <memory.h>
| # endif
| # include <string.h>
| #endif
| #ifdef HAVE_STRINGS_H
| # include <strings.h>
| #endif
| #ifdef HAVE_INTTYPES_H
| # include <inttypes.h>
| #endif
| #ifdef HAVE_STDINT_H
| # include <stdint.h>
| #endif
| #ifdef HAVE_UNISTD_H
| # include <unistd.h>
| #endif
| #include <windows.h>
configure:11858: result: no
configure:11858: checking windows.h presence
configure:11858: cc -E -I/home/user/repos/fteqw/engine/libs-x86_64-pc-linux-gnu/ conftest.c
conftest.c:21:10: fatal error: windows.h: No such file or directory
   21 | #include <windows.h>
      |          ^~~~~~~~~~~
compilation terminated.
configure:11858: $? = 1
configure: failed program was:
| /* confdefs.h */
| #define PACKAGE_NAME "FreeType"
| #define PACKAGE_TARNAME "freetype"
| #define PACKAGE_VERSION "2.10.1"
| #define PACKAGE_STRING "FreeType 2.10.1"
| #define PACKAGE_BUGREPORT "freetype@nongnu.org"
| #define PACKAGE_URL ""
| #define STDC_HEADERS 1
| #define HAVE_SYS_TYPES_H 1
| #define HAVE_SYS_STAT_H 1
| #define HAVE_STDLIB_H 1
| #define HAVE_STRING_H 1
| #define HAVE_MEMORY_H 1
| #define HAVE_STRINGS_H 1
| #define HAVE_INTTYPES_H 1
| #define HAVE_STDINT_H 1
| #define HAVE_UNISTD_H 1
| #define HAVE_DLFCN_H 1
| #define LT_OBJDIR ".libs/"
| /* end confdefs.h.  */
| #include <windows.h>
configure:11858: result: no
configure:11858: checking for windows.h
configure:11858: result: no
configure:12211: checking for a BSD-compatible install
configure:12279: result: /usr/bin/install -c
configure:12298: checking for a thread-safe mkdir -p
configure:12337: result: /usr/bin/mkdir -p
configure:12351: checking for ANSI C header files
configure:12455: result: yes
configure:12466: checking fcntl.h usability
configure:12466: cc -c  -Os -Os -I/home/user/repos/fteqw/engine/libs-x86_64-pc-linux-gnu/ conftest.c >&5
configure:12466: $? = 0
configure:12466: result: yes
configure:12466: checking fcntl.h presence
configure:12466: cc -E -I/home/user/repos/fteqw/engine/libs-x86_64-pc-linux-gnu/ conftest.c
configure:12466: $? = 0
configure:12466: result: yes
configure:12466: checking for fcntl.h
configure:12466: result: yes
configure:12466: checking for unistd.h
configure:12466: result: yes
configure:12480: checking for an ANSI C-conforming const
configure:12546: cc -c  -Os -Os -I/home/user/repos/fteqw/engine/libs-x86_64-pc-linux-gnu/ conftest.c >&5
configure:12546: $? = 0
configure:12553: result: yes
configure:12565: checking size of int
configure:12570: cc -o conftest  -Os -Os -I/home/user/repos/fteqw/engine/libs-x86_64-pc-linux-gnu/ -L/home/user/repos/fteqw/engine/libs-x86_64-pc-linux-gnu/ conftest.c  >&5
configure:12570: $? = 0
configure:12570: ./conftest
configure:12570: $? = 0
configure:12584: result: 4
configure:12598: checking size of long
configure:12603: cc -o conftest  -Os -Os -I/home/user/repos/fteqw/engine/libs-x86_64-pc-linux-gnu/ -L/home/user/repos/fteqw/engine/libs-x86_64-pc-linux-gnu/ conftest.c  >&5
configure:12603: $? = 0
configure:12603: ./conftest
configure:12603: $? = 0
configure:12617: result: 8
configure:12628: checking for unsigned long long int
configure:12667: cc -o conftest  -Os -Os -I/home/user/repos/fteqw/engine/libs-x86_64-pc-linux-gnu/ -L/home/user/repos/fteqw/engine/libs-x86_64-pc-linux-gnu/ conftest.c  >&5
configure:12667: $? = 0
configure:12676: result: yes
configure:12686: checking for long long int
configure:12724: cc -o conftest  -Os -Os -I/home/user/repos/fteqw/engine/libs-x86_64-pc-linux-gnu/ -L/home/user/repos/fteqw/engine/libs-x86_64-pc-linux-gnu/ conftest.c  >&5
configure:12724: $? = 0
configure:12724: ./conftest
configure:12724: $? = 0
configure:12736: result: yes
configure:12748: checking whether cpp computation of bit length in ftconfig.in works
configure:12803: result: yes
configure:12846: checking for special C compiler options needed for large files
configure:12891: result: no
configure:12897: checking for _FILE_OFFSET_BITS value needed for large files
configure:12922: cc -c  -Os -Os -I/home/user/repos/fteqw/engine/libs-x86_64-pc-linux-gnu/ conftest.c >&5
configure:12922: $? = 0
configure:12954: result: no
configure:13056: checking for stdlib.h
configure:13056: result: yes
configure:13056: checking for unistd.h
configure:13056: result: yes
configure:13056: checking for sys/param.h
configure:13056: cc -c  -Os -Os -I/home/user/repos/fteqw/engine/libs-x86_64-pc-linux-gnu/ conftest.c >&5
configure:13056: $? = 0
configure:13056: result: yes
configure:13076: checking for getpagesize
configure:13076: cc -o conftest  -Os -Os -I/home/user/repos/fteqw/engine/libs-x86_64-pc-linux-gnu/ -L/home/user/repos/fteqw/engine/libs-x86_64-pc-linux-gnu/ conftest.c  >&5
configure:13076: $? = 0
configure:13076: result: yes
configure:13085: checking for working mmap
configure:13232: cc -o conftest  -Os -Os -I/home/user/repos/fteqw/engine/libs-x86_64-pc-linux-gnu/ -L/home/user/repos/fteqw/engine/libs-x86_64-pc-linux-gnu/ conftest.c  >&5
configure:13232: $? = 0
configure:13232: ./conftest
configure:13232: $? = 0
configure:13242: result: yes
configure:13258: checking whether munmap is declared
configure:13258: cc -c  -Os -Os -I/home/user/repos/fteqw/engine/libs-x86_64-pc-linux-gnu/ conftest.c >&5
configure:13258: $? = 0
configure:13258: result: yes
configure:13278: checking for munmap's first parameter type
configure:13292: cc -c  -Os -Os -I/home/user/repos/fteqw/engine/libs-x86_64-pc-linux-gnu/ conftest.c >&5
configure:13292: $? = 0
configure:13293: result: void *
configure:13310: checking for memcpy
configure:13310: cc -o conftest  -Os -Os -I/home/user/repos/fteqw/engine/libs-x86_64-pc-linux-gnu/ -L/home/user/repos/fteqw/engine/libs-x86_64-pc-linux-gnu/ conftest.c  >&5
conftest.c:58:6: warning: conflicting types for built-in function 'memcpy'; expected 'void *(void *, const void *, long unsigned int)' [-Wbuiltin-declaration-mismatch]
   58 | char memcpy ();
      |      ^~~~~~
conftest.c:46:1: note: 'memcpy' is declared in header '<string.h>'
   45 | # include <limits.h>
   46 | #else
configure:13310: $? = 0
configure:13310: result: yes
configure:13310: checking for memmove
configure:13310: cc -o conftest  -Os -Os -I/home/user/repos/fteqw/engine/libs-x86_64-pc-linux-gnu/ -L/home/user/repos/fteqw/engine/libs-x86_64-pc-linux-gnu/ conftest.c  >&5
conftest.c:59:6: warning: conflicting types for built-in function 'memmove'; expected 'void *(void *, const void *, long unsigned int)' [-Wbuiltin-declaration-mismatch]
   59 | char memmove ();
      |      ^~~~~~~
conftest.c:47:1: note: 'memmove' is declared in header '<string.h>'
   46 | # include <limits.h>
   47 | #else
configure:13310: $? = 0
configure:13310: result: yes
configure:13362: checking gcc compiler flag -pedantic to assure ANSI C works correctly
configure:13389: cc -c  -Os -Os  -pedantic -I/home/user/repos/fteqw/engine/libs-x86_64-pc-linux-gnu/ conftest.c >&5
configure:13389: $? = 0
configure:13390: result: ok, adding to XX_ANSIFLAGS
configure:13362: checking gcc compiler flag -ansi to assure ANSI C works correctly
configure:13389: cc -c  -Os -Os  -pedantic -ansi -I/home/user/repos/fteqw/engine/libs-x86_64-pc-linux-gnu/ conftest.c >&5
configure:13389: $? = 0
configure:13390: result: ok, adding to XX_ANSIFLAGS
configure:13424: checking for -fvisibility=hidden compiler flag
configure:13439: cc -o conftest  -Os -Os -fvisibility=hidden -I/home/user/repos/fteqw/engine/libs-x86_64-pc-linux-gnu/ -L/home/user/repos/fteqw/engine/libs-x86_64-pc-linux-gnu/ conftest.c  >&5
configure:13439: $? = 0
configure:13441: result: yes
configure:13514: $PKG_CONFIG --exists --print-errors "$zlib_pkg"
configure:13517: $? = 0
configure:13524: checking for ZLIB
configure:13531: $PKG_CONFIG --exists --print-errors "$zlib_pkg"
configure:13534: $? = 0
configure:13548: $PKG_CONFIG --exists --print-errors "$zlib_pkg"
configure:13551: $? = 0
configure:13589: result: yes
configure:13854: $PKG_CONFIG --exists --print-errors "$libpng_pkg"
configure:13857: $? = 0
configure:13864: checking for LIBPNG
configure:13871: $PKG_CONFIG --exists --print-errors "$libpng_pkg"
configure:13874: $? = 0
configure:13888: $PKG_CONFIG --exists --print-errors "$libpng_pkg"
configure:13891: $? = 0
configure:13929: result: yes
configure:14104: checking for library containing clock_gettime
configure:14135: cc -o conftest  -Os -Os -fvisibility=hidden -I/home/user/repos/fteqw/engine/libs-x86_64-pc-linux-gnu/ -L/home/user/repos/fteqw/engine/libs-x86_64-pc-linux-gnu/ conftest.c  >&5
configure:14135: $? = 0
configure:14152: result: none required
configure:14747: checking for python3
configure:14763: found /usr/bin/python3
configure:14774: result: python3
configure:14792: checking for pip3
configure:14808: found /usr/bin/pip3
configure:14819: result: pip3
configure:14833: checking for `docwriter' Python module
configure:14841: result: no
configure:15089: creating ./config.status

## ---------------------- ##
## Running config.status. ##
## ---------------------- ##

This file was extended by FreeType config.status 2.10.1, which was
generated by GNU Autoconf 2.69.  Invocation command line was

  CONFIG_FILES    = 
  CONFIG_HEADERS  = 
  CONFIG_LINKS    = 
  CONFIG_COMMANDS = 
  $ ./config.status 

on almix-arch

config.status:1141: creating ftoption.h
config.status:1141: creating unix-cc.mk
config.status:1141: creating unix-def.mk
config.status:1141: creating ftconfig.h
config.status:1336: executing libtool commands
configure:17330:

Library configuration:
  external zlib: yes (pkg-config)
  bzip2:         no
  libpng:        yes (pkg-config)
  harfbuzz:      no

configure:17350:
  Warning: `make refdoc' will fail since pip package `docwriter' is not
  installed.  To install, run `pip3 install docwriter', or to use a python
  virtual environment, run `make refdoc-venv' (requires pip package
  `virtualenv').
  

## ---------------- ##
## Cache variables. ##
## ---------------- ##

ac_cv_build=x86_64-pc-linux-gnu
ac_cv_c_compiler_gnu=yes
ac_cv_c_const=yes
ac_cv_env_BZIP2_CFLAGS_set=
ac_cv_env_BZIP2_CFLAGS_value=
ac_cv_env_BZIP2_LIBS_set=
ac_cv_env_BZIP2_LIBS_value=
ac_cv_env_CC_set=set
ac_cv_env_CC_value=cc
ac_cv_env_CFLAGS_set=set
ac_cv_env_CFLAGS_value=' -Os -Os'
ac_cv_env_CPPFLAGS_set=set
ac_cv_env_CPPFLAGS_value=-I/home/user/repos/fteqw/engine/libs-x86_64-pc-linux-gnu/
ac_cv_env_CPP_set=
ac_cv_env_CPP_value=
ac_cv_env_HARFBUZZ_CFLAGS_set=
ac_cv_env_HARFBUZZ_CFLAGS_value=
ac_cv_env_HARFBUZZ_LIBS_set=
ac_cv_env_HARFBUZZ_LIBS_value=
ac_cv_env_LDFLAGS_set=set
ac_cv_env_LDFLAGS_value=-L/home/user/repos/fteqw/engine/libs-x86_64-pc-linux-gnu/
ac_cv_env_LIBPNG_CFLAGS_set=
ac_cv_env_LIBPNG_CFLAGS_value=
ac_cv_env_LIBPNG_LIBS_set=
ac_cv_env_LIBPNG_LIBS_value=
ac_cv_env_LIBS_set=
ac_cv_env_LIBS_value=
ac_cv_env_LT_SYS_LIBRARY_PATH_set=
ac_cv_env_LT_SYS_LIBRARY_PATH_value=
ac_cv_env_PKG_CONFIG_LIBDIR_set=set
ac_cv_env_PKG_CONFIG_LIBDIR_value=/home/user/repos/fteqw/engine/libs-x86_64-pc-linux-gnu
ac_cv_env_PKG_CONFIG_PATH_set=
ac_cv_env_PKG_CONFIG_PATH_value=
ac_cv_env_PKG_CONFIG_set=
ac_cv_env_PKG_CONFIG_value=
ac_cv_env_ZLIB_CFLAGS_set=
ac_cv_env_ZLIB_CFLAGS_value=
ac_cv_env_ZLIB_LIBS_set=
ac_cv_env_ZLIB_LIBS_value=
ac_cv_env_build_alias_set=
ac_cv_env_build_alias_value=
ac_cv_env_host_alias_set=set
ac_cv_env_host_alias_value=x86_64-pc-linux-gnu
ac_cv_env_target_alias_set=
ac_cv_env_target_alias_value=
ac_cv_func_getpagesize=yes
ac_cv_func_memcpy=yes
ac_cv_func_memmove=yes
ac_cv_func_mmap_fixed_mapped=yes
ac_cv_have_decl_munmap=yes
ac_cv_header_dlfcn_h=yes
ac_cv_header_fcntl_h=yes
ac_cv_header_inttypes_h=yes
ac_cv_header_memory_h=yes
ac_cv_header_stdc=yes
ac_cv_header_stdint_h=yes
ac_cv_header_stdlib_h=yes
ac_cv_header_string_h=yes
ac_cv_header_strings_h=yes
ac_cv_header_sys_param_h=yes
ac_cv_header_sys_stat_h=yes
ac_cv_header_sys_types_h=yes
ac_cv_header_unistd_h=yes
ac_cv_header_windows_h=no
ac_cv_host=x86_64-pc-linux-gnu
ac_cv_objext=o
ac_cv_path_EGREP='/usr/bin/grep -E'
ac_cv_path_FGREP='/usr/bin/grep -F'
ac_cv_path_GREP=/usr/bin/grep
ac_cv_path_PKG_CONFIG=/usr/bin/x86_64-pc-linux-gnu-pkg-config
ac_cv_path_SED=/usr/bin/sed
ac_cv_path_install='/usr/bin/install -c'
ac_cv_path_lt_DD=/usr/bin/dd
ac_cv_path_mkdir=/usr/bin/mkdir
ac_cv_prog_AWK=gawk
ac_cv_prog_CC=cc
ac_cv_prog_CPP='cc -E'
ac_cv_prog_PIP=pip3
ac_cv_prog_PYTHON=python3
ac_cv_prog_ac_ct_AR=ar
ac_cv_prog_ac_ct_OBJDUMP=objdump
ac_cv_prog_ac_ct_RANLIB=ranlib
ac_cv_prog_ac_ct_STRIP=strip
ac_cv_prog_cc_c89=
ac_cv_prog_cc_g=yes
ac_cv_search_clock_gettime='none required'
ac_cv_sizeof_int=4
ac_cv_sizeof_long=8
ac_cv_sys_file_offset_bits=no
ac_cv_sys_largefile_CC=no
ac_cv_type_long_long_int=yes
ac_cv_type_unsigned_long_long_int=yes
lt_cv_ar_at_file=@
lt_cv_deplibs_check_method=pass_all
lt_cv_file_magic_cmd='$MAGIC_CMD'
lt_cv_file_magic_test_file=
lt_cv_ld_reload_flag=-r
lt_cv_nm_interface='BSD nm'
lt_cv_objdir=.libs
lt_cv_path_LD=/usr/bin/ld
lt_cv_path_NM='/usr/bin/nm -B'
lt_cv_path_mainfest_tool=no
lt_cv_prog_compiler_c_o=yes
lt_cv_prog_compiler_pic='-fPIC -DPIC'
lt_cv_prog_compiler_pic_works=yes
lt_cv_prog_compiler_rtti_exceptions=no
lt_cv_prog_compiler_static_works=yes
lt_cv_prog_gnu_ld=yes
lt_cv_sharedlib_from_linklib_cmd='printf %s\n'
lt_cv_shlibpath_overrides_runpath=yes
lt_cv_sys_global_symbol_pipe='sed -n -e '\''s/^.*[	 ]\([ABCDGIRSTW][ABCDGIRSTW]*\)[	 ][	 ]*\([_A-Za-z][_A-Za-z0-9]*\)$/\1 \2 \2/p'\'' | sed '\''/ __gnu_lto/d'\'''
lt_cv_sys_global_symbol_to_c_name_address='sed -n -e '\''s/^: \(.*\) .*$/  {"\1", (void *) 0},/p'\'' -e '\''s/^[ABCDGIRSTW][ABCDGIRSTW]* .* \(.*\)$/  {"\1", (void *) \&\1},/p'\'''
lt_cv_sys_global_symbol_to_c_name_address_lib_prefix='sed -n -e '\''s/^: \(.*\) .*$/  {"\1", (void *) 0},/p'\'' -e '\''s/^[ABCDGIRSTW][ABCDGIRSTW]* .* \(lib.*\)$/  {"\1", (void *) \&\1},/p'\'' -e '\''s/^[ABCDGIRSTW][ABCDGIRSTW]* .* \(.*\)$/  {"lib\1", (void *) \&\1},/p'\'''
lt_cv_sys_global_symbol_to_cdecl='sed -n -e '\''s/^T .* \(.*\)$/extern int \1();/p'\'' -e '\''s/^[ABCDGIRSTW][ABCDGIRSTW]* .* \(.*\)$/extern char \1;/p'\'''
lt_cv_sys_global_symbol_to_import=
lt_cv_sys_max_cmd_len=1572864
lt_cv_to_host_file_cmd=func_convert_file_noop
lt_cv_to_tool_file_cmd=func_convert_file_noop
lt_cv_truncate_bin='/usr/bin/dd bs=4096 count=1'
pkg_cv_LIBPNG_CFLAGS='-I/usr/local/include/libpng16 -I/usr/local/include'
pkg_cv_LIBPNG_LIBS='-L/usr/local/lib -lpng16'
pkg_cv_ZLIB_CFLAGS=-I/usr/local/include
pkg_cv_ZLIB_LIBS='-L/usr/local/lib -lz'

## ----------------- ##
## Output variables. ##
## ----------------- ##

AR='ar'
AS='as'
AWK='gawk'
BZIP2_CFLAGS=''
BZIP2_LIBS=''
CC='cc'
CC_BUILD='cc'
CFLAGS=' -Os -Os -fvisibility=hidden -I/usr/local/include -I/usr/local/include/libpng16 -I/usr/local/include'
CPP='cc -E'
CPPFLAGS='-I/home/user/repos/fteqw/engine/libs-x86_64-pc-linux-gnu/'
DEFS='-DHAVE_CONFIG_H'
DLLTOOL='false'
DSYMUTIL=''
DUMPBIN=''
ECHO_C=''
ECHO_N='-n'
ECHO_T=''
EGREP='/usr/bin/grep -E'
EXEEXT=''
EXEEXT_BUILD=''
FGREP='/usr/bin/grep -F'
FTSYS_SRC='$(BUILD_DIR)/ftsystem.c'
GREP='/usr/bin/grep'
HARFBUZZ_CFLAGS=''
HARFBUZZ_LIBS=''
INSTALL_DATA='${INSTALL} -m 644'
INSTALL_FT2_CONFIG='FALSE'
INSTALL_PROGRAM='${INSTALL}'
INSTALL_SCRIPT='${INSTALL}'
LD='/usr/bin/ld -m elf_x86_64'
LDFLAGS='-L/home/user/repos/fteqw/engine/libs-x86_64-pc-linux-gnu/ -L/usr/local/lib -lz -L/usr/local/lib -lpng16'
LIBOBJS=''
LIBPNG_CFLAGS='-I/usr/local/include/libpng16 -I/usr/local/include'
LIBPNG_LIBS='-L/usr/local/lib -lpng16'
LIBS=''
LIBSSTATIC_CONFIG='-lfreetype -L/usr/local/lib -lz -L/usr/local/lib -lpng16 -lm -lm -lz'
LIBS_PRIVATE=''
LIBTOOL='$(SHELL) $(top_builddir)/libtool'
LIB_CLOCK_GETTIME=''
LIPO=''
LN_S='ln -s'
LTLIBOBJS=''
LT_SYS_LIBRARY_PATH=''
MANIFEST_TOOL=':'
MKDIR_P='/usr/bin/mkdir -p'
NM='/usr/bin/nm -B'
NMEDIT=''
OBJDUMP='objdump'
OBJEXT='o'
OTOOL64=''
OTOOL=''
PACKAGE_BUGREPORT='freetype@nongnu.org'
PACKAGE_NAME='FreeType'
PACKAGE_STRING='FreeType 2.10.1'
PACKAGE_TARNAME='freetype'
PACKAGE_URL=''
PACKAGE_VERSION='2.10.1'
PATH_SEPARATOR=':'
PIP='pip3'
PKG_CONFIG='/usr/bin/x86_64-pc-linux-gnu-pkg-config'
PKG_CONFIG_LIBDIR='/home/user/repos/fteqw/engine/libs-x86_64-pc-linux-gnu'
PKG_CONFIG_PATH=''
PYTHON='python3'
RANLIB='ranlib'
RC=''
REQUIRES_PRIVATE='zlib, libpng'
SED='/usr/bin/sed'
SHELL='/bin/sh'
STRIP='strip'
XX_ANSIFLAGS=' -pedantic -ansi'
XX_CFLAGS='-Wall'
ZLIB_CFLAGS='-I/usr/local/include'
ZLIB_LIBS='-L/usr/local/lib -lz'
ac_ct_AR='ar'
ac_ct_CC=''
ac_ct_DUMPBIN=''
bindir='${exec_prefix}/bin'
build='x86_64-pc-linux-gnu'
build_alias=''
build_cpu='x86_64'
build_libtool_libs=''
build_os='linux-gnu'
build_vendor='pc'
datadir='${datarootdir}'
datarootdir='${prefix}/share'
docdir='${datarootdir}/doc/${PACKAGE_TARNAME}'
dvidir='${docdir}'
exec_prefix='${prefix}'
ft_version='23.1.17'
ftmac_c=''
hardcode_libdir_flag_spec='$wl-rpath $wl$libdir'
host='x86_64-pc-linux-gnu'
host_alias='x86_64-pc-linux-gnu'
host_cpu='x86_64'
host_os='linux-gnu'
host_vendor='pc'
htmldir='${docdir}'
includedir='${prefix}/include'
infodir='${datarootdir}/info'
libdir='${exec_prefix}/lib'
libexecdir='${exec_prefix}/libexec'
localedir='${datarootdir}/locale'
localstatedir='${prefix}/var'
mandir='${datarootdir}/man'
oldincludedir='/usr/include'
pdfdir='${docdir}'
prefix='/usr/local'
program_transform_name='s,x,x,'
psdir='${docdir}'
sbindir='${exec_prefix}/sbin'
sharedstatedir='${prefix}/com'
sysconfdir='${prefix}/etc'
target_alias=''
version_info='23:1:17'
wl='-Wl,'

## ----------- ##
## confdefs.h. ##
## ----------- ##

/* confdefs.h */
#define PACKAGE_NAME "FreeType"
#define PACKAGE_TARNAME "freetype"
#define PACKAGE_VERSION "2.10.1"
#define PACKAGE_STRING "FreeType 2.10.1"
#define PACKAGE_BUGREPORT "freetype@nongnu.org"
#define PACKAGE_URL ""
#define STDC_HEADERS 1
#define HAVE_SYS_TYPES_H 1
#define HAVE_SYS_STAT_H 1
#define HAVE_STDLIB_H 1
#define HAVE_STRING_H 1
#define HAVE_MEMORY_H 1
#define HAVE_STRINGS_H 1
#define HAVE_INTTYPES_H 1
#define HAVE_STDINT_H 1
#define HAVE_UNISTD_H 1
#define HAVE_DLFCN_H 1
#define LT_OBJDIR ".libs/"
#define STDC_HEADERS 1
#define HAVE_FCNTL_H 1
#define HAVE_UNISTD_H 1
#define SIZEOF_INT 4
#define SIZEOF_LONG 8
#define HAVE_UNSIGNED_LONG_LONG_INT 1
#define HAVE_LONG_LONG_INT 1
#define HAVE_STDLIB_H 1
#define HAVE_UNISTD_H 1
#define HAVE_SYS_PARAM_H 1
#define HAVE_GETPAGESIZE 1
#define HAVE_MMAP 1
#define HAVE_DECL_MUNMAP 1
#define MUNMAP_USES_VOIDP /**/
#define HAVE_MEMCPY 1
#define HAVE_MEMMOVE 1

configure: exit 0
