This file contains any messages produced by compilers while
running configure, to aid debugging if configure makes a mistake.

It was created by libogg configure 1.3.6, which was
generated by GNU Autoconf 2.71.  Invocation command line was

  $ ./configure --host=x86_64-pc-linux-gnu --enable-shared=no CC=cc

## --------- ##
## Platform. ##
## --------- ##

hostname = almix-arch
uname -m = x86_64
uname -r = 6.19.8-arch1-1
uname -s = Linux
uname -v = #1 SMP PREEMPT_DYNAMIC Sat, 14 Mar 2026 01:07:43 +0000

/usr/bin/uname -p = unknown
/bin/uname -X     = unknown

/bin/arch              = unknown
/usr/bin/arch -k       = unknown
/usr/convex/getsysinfo = unknown
/usr/bin/hostinfo      = unknown
/bin/machine           = unknown
/usr/bin/oslevel       = unknown
/bin/universe          = unknown

PATH: /home/user/anaconda3/condabin/
PATH: /home/user/.local/bin/
PATH: /home/user/bin/
PATH: /usr/local/sbin/
PATH: /usr/local/bin/
PATH: /usr/bin/
PATH: /home/user/.local/share/flatpak/exports/bin/
PATH: /var/lib/flatpak/exports/bin/
PATH: /usr/lib/jvm/default/bin/
PATH: /usr/bin/site_perl/
PATH: /usr/bin/vendor_perl/
PATH: /usr/bin/core_perl/


## ----------- ##
## Core tests. ##
## ----------- ##

configure:2619: looking for aux files: missing install-sh compile config.guess config.sub ltmain.sh
configure:2632:  trying ./
configure:2661:   ./missing found
configure:2643:   ./install-sh found
configure:2661:   ./compile found
configure:2661:   ./config.guess found
configure:2661:   ./config.sub found
configure:2661:   ./ltmain.sh found
configure:2807: checking build system type
configure:2822: result: x86_64-pc-linux-gnu
configure:2842: checking host system type
configure:2856: result: x86_64-pc-linux-gnu
configure:2897: checking how to print strings
configure:2924: result: printf
configure:2965: checking for x86_64-pc-linux-gnu-gcc
configure:2997: result: cc
configure:3395: checking for C compiler version
configure:3404: cc --version >&5
cc (GCC) 15.2.1 20260209
Copyright (C) 2025 Free Software Foundation, Inc.
This is free software; see the source for copying conditions.  There is NO
warranty; not even for MERCHANTABILITY or FITNESS FOR A PARTICULAR PURPOSE.

configure:3415: $? = 0
configure:3404: cc -v >&5
Using built-in specs.
COLLECT_GCC=cc
COLLECT_LTO_WRAPPER=/usr/lib/gcc/x86_64-pc-linux-gnu/15.2.1/lto-wrapper
Target: x86_64-pc-linux-gnu
Configured with: /build/gcc/src/gcc/configure --enable-languages=ada,c,c++,d,fortran,go,lto,m2,objc,obj-c++,rust,cobol --enable-bootstrap --prefix=/usr --libdir=/usr/lib --libexecdir=/usr/lib --mandir=/usr/share/man --infodir=/usr/share/info --with-bugurl=https://gitlab.archlinux.org/archlinux/packaging/packages/gcc/-/issues --with-build-config=bootstrap-lto --with-linker-hash-style=gnu --with-system-zlib --enable-__cxa_atexit --enable-cet=auto --enable-checking=release --enable-clocale=gnu --enable-default-pie --enable-default-ssp --enable-gnu-indirect-function --enable-gnu-unique-object --enable-libstdcxx-backtrace --enable-link-serialization=1 --enable-linker-build-id --enable-lto --enable-multilib --enable-plugin --enable-shared --enable-threads=posix --disable-libssp --disable-libstdcxx-pch --disable-werror
Thread model: posix
Supported LTO compression algorithms: zlib zstd
gcc version 15.2.1 20260209 (GCC) 
configure:3415: $? = 0
configure:3404: cc -V >&5
cc: error: unrecognized command-line option '-V'
cc: fatal error: no input files
compilation terminated.
configure:3415: $? = 1
configure:3404: cc -qversion >&5
cc: error: unrecognized command-line option '-qversion'; did you mean '--version'?
cc: fatal error: no input files
compilation terminated.
configure:3415: $? = 1
configure:3404: cc -version >&5
cc: error: unrecognized command-line option '-version'
cc: fatal error: no input files
compilation terminated.
configure:3415: $? = 1
configure:3435: checking whether the C compiler works
configure:3457: cc  -Os   conftest.c  >&5
configure:3461: $? = 0
configure:3511: result: yes
configure:3514: checking for C compiler default output file name
configure:3516: result: a.out
configure:3522: checking for suffix of executables
configure:3529: cc -o conftest  -Os   conftest.c  >&5
configure:3533: $? = 0
configure:3556: result: 
configure:3578: checking whether we are cross compiling
configure:3586: cc -o conftest  -Os   conftest.c  >&5
configure:3590: $? = 0
configure:3597: ./conftest
configure:3601: $? = 0
configure:3616: result: no
configure:3621: checking for suffix of object files
configure:3644: cc -c  -Os  conftest.c >&5
configure:3648: $? = 0
configure:3670: result: o
configure:3674: checking whether the compiler supports GNU C
configure:3694: cc -c  -Os  conftest.c >&5
configure:3694: $? = 0
configure:3704: result: yes
configure:3715: checking whether cc accepts -g
configure:3736: cc -c -g  conftest.c >&5
configure:3736: $? = 0
configure:3780: result: yes
configure:3800: checking for cc option to enable C11 features
configure:3815: cc  -c  -Os  conftest.c >&5
conftest.c: In function 'e':
conftest.c:23:14: warning: old-style function definition [-Wold-style-definition]
   23 | static char *e (p, i)
      |              ^
configure:3815: $? = 0
configure:3833: result: none needed
configure:3949: checking whether cc understands -c and -o together
configure:3972: cc -c conftest.c -o conftest2.o
configure:3975: $? = 0
configure:3972: cc -c conftest.c -o conftest2.o
configure:3975: $? = 0
configure:3987: result: yes
configure:4004: checking for a sed that does not truncate output
configure:4074: result: /usr/bin/sed
configure:4092: checking for grep that handles long lines and -e
configure:4156: result: /usr/bin/grep
configure:4161: checking for egrep
configure:4229: result: /usr/bin/grep -E
configure:4234: checking for fgrep
configure:4302: result: /usr/bin/grep -F
configure:4338: checking for ld used by cc
configure:4406: result: /usr/bin/ld
configure:4413: checking if the linker (/usr/bin/ld) is GNU ld
configure:4429: result: yes
configure:4441: checking for BSD- or MS-compatible name lister (nm)
configure:4496: result: /usr/bin/nm -B
configure:4636: checking the name lister (/usr/bin/nm -B) interface
configure:4644: cc -c  -Os  conftest.c >&5
configure:4647: /usr/bin/nm -B "conftest.o"
configure:4650: output
0000000000000000 B some_variable
configure:4657: result: BSD nm
configure:4660: checking whether ln -s works
configure:4664: result: yes
configure:4672: checking the maximum length of command line arguments
configure:4804: result: 1572864
configure:4852: checking how to convert x86_64-pc-linux-gnu file names to x86_64-pc-linux-gnu format
configure:4893: result: func_convert_file_noop
configure:4900: checking how to convert x86_64-pc-linux-gnu file names to toolchain format
configure:4921: result: func_convert_file_noop
configure:4928: checking for /usr/bin/ld option to reload object files
configure:4936: result: -r
configure:4970: checking for x86_64-pc-linux-gnu-file
configure:5005: result: no
configure:5015: checking for file
configure:5036: found /usr/bin/file
configure:5047: result: file
configure:5078: checking for x86_64-pc-linux-gnu-objdump
configure:5113: result: no
configure:5123: checking for objdump
configure:5144: found /usr/bin/objdump
configure:5155: result: objdump
configure:5187: checking how to recognize dependent libraries
configure:5388: result: pass_all
configure:5433: checking for x86_64-pc-linux-gnu-dlltool
configure:5468: result: no
configure:5478: checking for dlltool
configure:5513: result: no
configure:5543: checking how to associate runtime and link libraries
configure:5571: result: printf %s\n
configure:5588: checking for x86_64-pc-linux-gnu-ar
configure:5623: result: no
configure:5637: checking for ar
configure:5658: found /usr/bin/ar
configure:5669: result: ar
configure:5722: checking for archiver @FILE support
configure:5740: cc -c  -Os  conftest.c >&5
configure:5740: $? = 0
configure:5744: ar cr libconftest.a @conftest.lst >&5
configure:5747: $? = 0
configure:5752: ar cr libconftest.a @conftest.lst >&5
ar: conftest.o: No such file or directory
configure:5755: $? = 1
configure:5767: result: @
configure:5785: checking for x86_64-pc-linux-gnu-strip
configure:5820: result: no
configure:5830: checking for strip
configure:5851: found /usr/bin/strip
configure:5862: result: strip
configure:5894: checking for x86_64-pc-linux-gnu-ranlib
configure:5929: result: no
configure:5939: checking for ranlib
configure:5960: found /usr/bin/ranlib
configure:5971: result: ranlib
configure:6048: checking for gawk
configure:6069: found /usr/bin/gawk
configure:6080: result: gawk
configure:6120: checking command to parse /usr/bin/nm -B output from cc object
configure:6274: cc -c  -Os  conftest.c >&5
configure:6277: $? = 0
configure:6281: /usr/bin/nm -B conftest.o | /usr/bin/sed -n -e 's/^.*[	 ]\([ABCDGIRSTW][ABCDGIRSTW]*\)[	 ][	 ]*\([_A-Za-z][_A-Za-z0-9]*\)$/\1 \2 \2/p' | /usr/bin/sed '/ __gnu_lto/d' > conftest.nm
configure:6347: cc -o conftest  -Os   conftest.c conftstm.o >&5
configure:6350: $? = 0
configure:6388: result: ok
configure:6435: checking for sysroot
configure:6466: result: no
configure:6473: checking for a working dd
configure:6517: result: /usr/bin/dd
configure:6521: checking how to truncate binary pipes
configure:6537: result: /usr/bin/dd bs=4096 count=1
configure:6674: cc -c  -Os  conftest.c >&5
configure:6677: $? = 0
configure:6829: checking for x86_64-pc-linux-gnu-mt
configure:6864: result: no
configure:6874: checking for mt
configure:6909: result: no
configure:6929: checking if : is a manifest tool
configure:6936: : '-?'
configure:6944: result: no
configure:7669: checking for stdio.h
configure:7669: cc -c  -Os  conftest.c >&5
configure:7669: $? = 0
configure:7669: result: yes
configure:7669: checking for stdlib.h
configure:7669: cc -c  -Os  conftest.c >&5
configure:7669: $? = 0
configure:7669: result: yes
configure:7669: checking for string.h
configure:7669: cc -c  -Os  conftest.c >&5
configure:7669: $? = 0
configure:7669: result: yes
configure:7669: checking for inttypes.h
configure:7669: cc -c  -Os  conftest.c >&5
configure:7669: $? = 0
configure:7669: result: yes
configure:7669: checking for stdint.h
configure:7669: cc -c  -Os  conftest.c >&5
configure:7669: $? = 0
configure:7669: result: yes
configure:7669: checking for strings.h
configure:7669: cc -c  -Os  conftest.c >&5
configure:7669: $? = 0
configure:7669: result: yes
configure:7669: checking for sys/stat.h
configure:7669: cc -c  -Os  conftest.c >&5
configure:7669: $? = 0
configure:7669: result: yes
configure:7669: checking for sys/types.h
configure:7669: cc -c  -Os  conftest.c >&5
configure:7669: $? = 0
configure:7669: result: yes
configure:7669: checking for unistd.h
configure:7669: cc -c  -Os  conftest.c >&5
configure:7669: $? = 0
configure:7669: result: yes
configure:7694: checking for dlfcn.h
configure:7694: cc -c  -Os  conftest.c >&5
configure:7694: $? = 0
configure:7694: result: yes
configure:7953: checking for objdir
configure:7969: result: .libs
configure:8233: checking if cc supports -fno-rtti -fno-exceptions
configure:8252: cc -c  -Os  -fno-rtti -fno-exceptions conftest.c >&5
cc1: warning: command-line option '-fno-rtti' is valid for C++/D/ObjC++ but not for C
configure:8256: $? = 0
configure:8269: result: no
configure:8633: checking for cc option to produce PIC
configure:8641: result: -fPIC -DPIC
configure:8649: checking if cc PIC flag -fPIC -DPIC works
configure:8668: cc -c  -Os  -fPIC -DPIC -DPIC conftest.c >&5
configure:8672: $? = 0
configure:8685: result: yes
configure:8714: checking if cc static flag -static works
configure:8743: result: yes
configure:8758: checking if cc supports -c -o file.o
configure:8780: cc -c  -Os  -o out/conftest2.o conftest.c >&5
configure:8784: $? = 0
configure:8806: result: yes
configure:8814: checking if cc supports -c -o file.o
configure:8862: result: yes
configure:8895: checking whether the cc linker (/usr/bin/ld -m elf_x86_64) supports shared libraries
configure:10169: result: yes
configure:10410: checking dynamic linker characteristics
configure:10992: cc -o conftest  -Os   -Wl,-rpath -Wl,/foo conftest.c  >&5
configure:10992: $? = 0
configure:11243: result: GNU/Linux ld.so
configure:11365: checking how to hardcode library paths into programs
configure:11390: result: immediate
configure:11942: checking whether stripping libraries is possible
configure:11951: result: yes
configure:11993: checking if libtool supports shared libraries
configure:11995: result: yes
configure:11998: checking whether to build shared libraries
configure:12023: result: no
configure:12026: checking whether to build static libraries
configure:12030: result: yes
configure:12087: checking for a BSD-compatible install
configure:12160: result: /usr/bin/install -c
configure:12171: checking whether build environment is sane
configure:12226: result: yes
configure:12381: checking for a race-free mkdir -p
configure:12425: result: /usr/bin/mkdir -p
configure:12428: checking whether make sets $(MAKE)
configure:12451: result: yes
configure:12473: checking whether make supports the include directive
configure:12488: make -f confmf.GNU && cat confinc.out
make[1]: Entering directory '/home/user/repos/fteqw/engine/libs-x86_64-pc-linux-gnu/libogg-1.3.6'
make[1]: Leaving directory '/home/user/repos/fteqw/engine/libs-x86_64-pc-linux-gnu/libogg-1.3.6'
this is the am__doit target
configure:12491: $? = 0
configure:12510: result: yes (GNU style)
configure:12545: checking whether make supports nested variables
configure:12563: result: yes
configure:12644: checking dependency style of cc
configure:12756: result: gcc3
configure:12829: checking whether to enable maintainer-specific portions of Makefiles
configure:12839: result: yes
configure:12869: checking for x86_64-pc-linux-gnu-gcc
configure:12901: result: cc
configure:13299: checking for C compiler version
configure:13308: cc --version >&5
cc (GCC) 15.2.1 20260209
Copyright (C) 2025 Free Software Foundation, Inc.
This is free software; see the source for copying conditions.  There is NO
warranty; not even for MERCHANTABILITY or FITNESS FOR A PARTICULAR PURPOSE.

configure:13319: $? = 0
configure:13308: cc -v >&5
Using built-in specs.
COLLECT_GCC=cc
COLLECT_LTO_WRAPPER=/usr/lib/gcc/x86_64-pc-linux-gnu/15.2.1/lto-wrapper
Target: x86_64-pc-linux-gnu
Configured with: /build/gcc/src/gcc/configure --enable-languages=ada,c,c++,d,fortran,go,lto,m2,objc,obj-c++,rust,cobol --enable-bootstrap --prefix=/usr --libdir=/usr/lib --libexecdir=/usr/lib --mandir=/usr/share/man --infodir=/usr/share/info --with-bugurl=https://gitlab.archlinux.org/archlinux/packaging/packages/gcc/-/issues --with-build-config=bootstrap-lto --with-linker-hash-style=gnu --with-system-zlib --enable-__cxa_atexit --enable-cet=auto --enable-checking=release --enable-clocale=gnu --enable-default-pie --enable-default-ssp --enable-gnu-indirect-function --enable-gnu-unique-object --enable-libstdcxx-backtrace --enable-link-serialization=1 --enable-linker-build-id --enable-lto --enable-multilib --enable-plugin --enable-shared --enable-threads=posix --disable-libssp --disable-libstdcxx-pch --disable-werror
Thread model: posix
Supported LTO compression algorithms: zlib zstd
gcc version 15.2.1 20260209 (GCC) 
configure:13319: $? = 0
configure:13308: cc -V >&5
cc: error: unrecognized command-line option '-V'
cc: fatal error: no input files
compilation terminated.
configure:13319: $? = 1
configure:13308: cc -qversion >&5
cc: error: unrecognized command-line option '-qversion'; did you mean '--version'?
cc: fatal error: no input files
compilation terminated.
configure:13319: $? = 1
configure:13308: cc -version >&5
cc: error: unrecognized command-line option '-version'
cc: fatal error: no input files
compilation terminated.
configure:13319: $? = 1
configure:13323: checking whether the compiler supports GNU C
configure:13353: result: yes
configure:13364: checking whether cc accepts -g
configure:13429: result: yes
configure:13449: checking for cc option to enable C11 features
configure:13482: result: none needed
configure:13598: checking whether cc understands -c and -o together
configure:13636: result: yes
configure:13708: checking for inttypes.h
configure:13708: result: yes
configure:13714: checking for stdint.h
configure:13714: result: yes
configure:13720: checking for sys/types.h
configure:13720: result: yes
configure:13727: checking for an ANSI C-conforming const
configure:13794: cc -c -O2 -Wall -Wextra -ffast-math -fsigned-char  -Os  conftest.c >&5
configure:13794: $? = 0
configure:13802: result: yes
configure:13816: checking size of int16_t
configure:13822: cc -o conftest -O2 -Wall -Wextra -ffast-math -fsigned-char  -Os   conftest.c  >&5
configure:13822: $? = 0
configure:13822: ./conftest
configure:13822: $? = 0
configure:13837: result: 2
configure:13849: checking size of uint16_t
configure:13855: cc -o conftest -O2 -Wall -Wextra -ffast-math -fsigned-char  -Os   conftest.c  >&5
configure:13855: $? = 0
configure:13855: ./conftest
configure:13855: $? = 0
configure:13870: result: 2
configure:13882: checking size of u_int16_t
configure:13888: cc -o conftest -O2 -Wall -Wextra -ffast-math -fsigned-char  -Os   conftest.c  >&5
configure:13888: $? = 0
configure:13888: ./conftest
configure:13888: $? = 0
configure:13903: result: 2
configure:13915: checking size of int32_t
configure:13921: cc -o conftest -O2 -Wall -Wextra -ffast-math -fsigned-char  -Os   conftest.c  >&5
configure:13921: $? = 0
configure:13921: ./conftest
configure:13921: $? = 0
configure:13936: result: 4
configure:13948: checking size of uint32_t
configure:13954: cc -o conftest -O2 -Wall -Wextra -ffast-math -fsigned-char  -Os   conftest.c  >&5
configure:13954: $? = 0
configure:13954: ./conftest
configure:13954: $? = 0
configure:13969: result: 4
configure:13981: checking size of u_int32_t
configure:13987: cc -o conftest -O2 -Wall -Wextra -ffast-math -fsigned-char  -Os   conftest.c  >&5
configure:13987: $? = 0
configure:13987: ./conftest
configure:13987: $? = 0
configure:14002: result: 4
configure:14014: checking size of int64_t
configure:14020: cc -o conftest -O2 -Wall -Wextra -ffast-math -fsigned-char  -Os   conftest.c  >&5
configure:14020: $? = 0
configure:14020: ./conftest
configure:14020: $? = 0
configure:14035: result: 8
configure:14047: checking size of uint64_t
configure:14053: cc -o conftest -O2 -Wall -Wextra -ffast-math -fsigned-char  -Os   conftest.c  >&5
configure:14053: $? = 0
configure:14053: ./conftest
configure:14053: $? = 0
configure:14068: result: 8
configure:14080: checking size of short
configure:14086: cc -o conftest -O2 -Wall -Wextra -ffast-math -fsigned-char  -Os   conftest.c  >&5
configure:14086: $? = 0
configure:14086: ./conftest
configure:14086: $? = 0
configure:14101: result: 2
configure:14113: checking size of int
configure:14119: cc -o conftest -O2 -Wall -Wextra -ffast-math -fsigned-char  -Os   conftest.c  >&5
configure:14119: $? = 0
configure:14119: ./conftest
configure:14119: $? = 0
configure:14134: result: 4
configure:14146: checking size of long
configure:14152: cc -o conftest -O2 -Wall -Wextra -ffast-math -fsigned-char  -Os   conftest.c  >&5
configure:14152: $? = 0
configure:14152: ./conftest
configure:14152: $? = 0
configure:14167: result: 8
configure:14179: checking size of long long
configure:14185: cc -o conftest -O2 -Wall -Wextra -ffast-math -fsigned-char  -Os   conftest.c  >&5
configure:14185: $? = 0
configure:14185: ./conftest
configure:14185: $? = 0
configure:14200: result: 8
configure:14299: checking for working memcmp
configure:14344: cc -o conftest -O2 -Wall -Wextra -ffast-math -fsigned-char  -Os   conftest.c  >&5
configure:14344: $? = 0
configure:14344: ./conftest
configure:14344: $? = 0
configure:14355: result: yes
configure:14580: checking that generated files are newer than configure
configure:14586: result: done
configure:14617: creating ./config.status

## ---------------------- ##
## Running config.status. ##
## ---------------------- ##

This file was extended by libogg config.status 1.3.6, which was
generated by GNU Autoconf 2.71.  Invocation command line was

  CONFIG_FILES    = 
  CONFIG_HEADERS  = 
  CONFIG_LINKS    = 
  CONFIG_COMMANDS = 
  $ ./config.status 

on almix-arch

config.status:1126: creating Makefile
config.status:1126: creating src/Makefile
config.status:1126: creating doc/Makefile
config.status:1126: creating doc/libogg/Makefile
config.status:1126: creating include/Makefile
config.status:1126: creating include/ogg/Makefile
config.status:1126: creating include/ogg/config_types.h
config.status:1126: creating libogg.spec
config.status:1126: creating ogg.pc
config.status:1126: creating ogg-uninstalled.pc
config.status:1126: creating config.h
config.status:1355: executing libtool commands
config.status:1355: executing depfiles commands
config.status:1979: cd src       && sed -e '/# am--include-marker/d' Makefile         | make -f - am--depfiles
make[1]: Entering directory '/home/user/repos/fteqw/engine/libs-x86_64-pc-linux-gnu/libogg-1.3.6/src'
make[1]: Leaving directory '/home/user/repos/fteqw/engine/libs-x86_64-pc-linux-gnu/libogg-1.3.6/src'
config.status:1986: $? = 0

## ---------------- ##
## Cache variables. ##
## ---------------- ##

ac_cv_build=x86_64-pc-linux-gnu
ac_cv_c_compiler_gnu=yes
ac_cv_c_const=yes
ac_cv_env_CC_set=set
ac_cv_env_CC_value=cc
ac_cv_env_CFLAGS_set=set
ac_cv_env_CFLAGS_value=' -Os'
ac_cv_env_CPPFLAGS_set=
ac_cv_env_CPPFLAGS_value=
ac_cv_env_LDFLAGS_set=
ac_cv_env_LDFLAGS_value=
ac_cv_env_LIBS_set=
ac_cv_env_LIBS_value=
ac_cv_env_LT_SYS_LIBRARY_PATH_set=
ac_cv_env_LT_SYS_LIBRARY_PATH_value=
ac_cv_env_build_alias_set=
ac_cv_env_build_alias_value=
ac_cv_env_host_alias_set=set
ac_cv_env_host_alias_value=x86_64-pc-linux-gnu
ac_cv_env_target_alias_set=
ac_cv_env_target_alias_value=
ac_cv_func_memcmp_working=yes
ac_cv_header_dlfcn_h=yes
ac_cv_header_inttypes_h=yes
ac_cv_header_stdint_h=yes
ac_cv_header_stdio_h=yes
ac_cv_header_stdlib_h=yes
ac_cv_header_string_h=yes
ac_cv_header_strings_h=yes
ac_cv_header_sys_stat_h=yes
ac_cv_header_sys_types_h=yes
ac_cv_header_unistd_h=yes
ac_cv_host=x86_64-pc-linux-gnu
ac_cv_objext=o
ac_cv_path_EGREP='/usr/bin/grep -E'
ac_cv_path_FGREP='/usr/bin/grep -F'
ac_cv_path_GREP=/usr/bin/grep
ac_cv_path_SED=/usr/bin/sed
ac_cv_path_install='/usr/bin/install -c'
ac_cv_path_lt_DD=/usr/bin/dd
ac_cv_path_mkdir=/usr/bin/mkdir
ac_cv_prog_AWK=gawk
ac_cv_prog_CC=cc
ac_cv_prog_ac_ct_AR=ar
ac_cv_prog_ac_ct_FILECMD=file
ac_cv_prog_ac_ct_OBJDUMP=objdump
ac_cv_prog_ac_ct_RANLIB=ranlib
ac_cv_prog_ac_ct_STRIP=strip
ac_cv_prog_cc_c11=
ac_cv_prog_cc_g=yes
ac_cv_prog_cc_stdc=
ac_cv_prog_make_make_set=yes
ac_cv_sizeof_int16_t=2
ac_cv_sizeof_int32_t=4
ac_cv_sizeof_int64_t=8
ac_cv_sizeof_int=4
ac_cv_sizeof_long=8
ac_cv_sizeof_long_long=8
ac_cv_sizeof_short=2
ac_cv_sizeof_u_int16_t=2
ac_cv_sizeof_u_int32_t=4
ac_cv_sizeof_uint16_t=2
ac_cv_sizeof_uint32_t=4
ac_cv_sizeof_uint64_t=8
am_cv_CC_dependencies_compiler_type=gcc3
am_cv_make_support_nested_variables=yes
am_cv_prog_cc_c_o=yes
lt_cv_ar_at_file=@
lt_cv_deplibs_check_method=pass_all
lt_cv_file_magic_cmd='$MAGIC_CMD'
lt_cv_file_magic_test_file=
lt_cv_ld_reload_flag=-r
lt_cv_nm_interface='BSD nm'
lt_cv_objdir=.libs
lt_cv_path_LD=/usr/bin/ld
lt_cv_path_NM='/usr/bin/nm -B'
lt_cv_path_mainfest_tool=no
lt_cv_prog_compiler_c_o=yes
lt_cv_prog_compiler_pic='-fPIC -DPIC'
lt_cv_prog_compiler_pic_works=yes
lt_cv_prog_compiler_rtti_exceptions=no
lt_cv_prog_compiler_static_works=yes
lt_cv_prog_gnu_ld=yes
lt_cv_sharedlib_from_linklib_cmd='printf %s\n'
lt_cv_shlibpath_overrides_runpath=yes
lt_cv_sys_global_symbol_pipe='/usr/bin/sed -n -e '\''s/^.*[	 ]\([ABCDGIRSTW][ABCDGIRSTW]*\)[	 ][	 ]*\([_A-Za-z][_A-Za-z0-9]*\)$/\1 \2 \2/p'\'' | /usr/bin/sed '\''/ __gnu_lto/d'\'''
lt_cv_sys_global_symbol_to_c_name_address='/usr/bin/sed -n -e '\''s/^: \(.*\) .*$/  {"\1", (void *) 0},/p'\'' -e '\''s/^[ABCDGIRSTW][ABCDGIRSTW]* .* \(.*\)$/  {"\1", (void *) \&\1},/p'\'''
lt_cv_sys_global_symbol_to_c_name_address_lib_prefix='/usr/bin/sed -n -e '\''s/^: \(.*\) .*$/  {"\1", (void *) 0},/p'\'' -e '\''s/^[ABCDGIRSTW][ABCDGIRSTW]* .* \(lib.*\)$/  {"\1", (void *) \&\1},/p'\'' -e '\''s/^[ABCDGIRSTW][ABCDGIRSTW]* .* \(.*\)$/  {"lib\1", (void *) \&\1},/p'\'''
lt_cv_sys_global_symbol_to_cdecl='/usr/bin/sed -n -e '\''s/^T .* \(.*\)$/extern int \1();/p'\'' -e '\''s/^[ABCDGIRSTW][ABCDGIRSTW]* .* \(.*\)$/extern char \1;/p'\'''
lt_cv_sys_global_symbol_to_import=
lt_cv_sys_max_cmd_len=1572864
lt_cv_to_host_file_cmd=func_convert_file_noop
lt_cv_to_tool_file_cmd=func_convert_file_noop
lt_cv_truncate_bin='/usr/bin/dd bs=4096 count=1'

## ----------------- ##
## Output variables. ##
## ----------------- ##

ACLOCAL='${SHELL} '\''/home/user/repos/fteqw/engine/libs-x86_64-pc-linux-gnu/libogg-1.3.6/missing'\'' aclocal-1.16'
AMDEPBACKSLASH='\'
AMDEP_FALSE='#'
AMDEP_TRUE=''
AMTAR='$${TAR-tar}'
AM_BACKSLASH='\'
AM_DEFAULT_V='$(AM_DEFAULT_VERBOSITY)'
AM_DEFAULT_VERBOSITY='1'
AM_V='$(V)'
AR='ar'
AUTOCONF='${SHELL} '\''/home/user/repos/fteqw/engine/libs-x86_64-pc-linux-gnu/libogg-1.3.6/missing'\'' autoconf'
AUTOHEADER='${SHELL} '\''/home/user/repos/fteqw/engine/libs-x86_64-pc-linux-gnu/libogg-1.3.6/missing'\'' autoheader'
AUTOMAKE='${SHELL} '\''/home/user/repos/fteqw/engine/libs-x86_64-pc-linux-gnu/libogg-1.3.6/missing'\'' automake-1.16'
AWK='gawk'
CC='cc'
CCDEPMODE='depmode=gcc3'
CFLAGS='-O2 -Wall -Wextra -ffast-math -fsigned-char  -Os'
CPPFLAGS=''
CSCOPE='cscope'
CTAGS='ctags'
CYGPATH_W='echo'
DEBUG='-g -Wall -Wextra -fsigned-char  -Os'
DEFS='-DHAVE_CONFIG_H'
DEPDIR='.deps'
DISABLE_CRC_FALSE=''
DISABLE_CRC_TRUE='#'
DLLTOOL='false'
DSYMUTIL=''
DUMPBIN=''
ECHO_C=''
ECHO_N='-n'
ECHO_T=''
EGREP='/usr/bin/grep -E'
ETAGS='etags'
EXEEXT=''
FGREP='/usr/bin/grep -F'
FILECMD='file'
GREP='/usr/bin/grep'
INCLUDE_INTTYPES_H='1'
INCLUDE_STDINT_H='1'
INCLUDE_SYS_TYPES_H='1'
INSTALL_DATA='${INSTALL} -m 644'
INSTALL_PROGRAM='${INSTALL}'
INSTALL_SCRIPT='${INSTALL}'
INSTALL_STRIP_PROGRAM='$(install_sh) -c -s'
LD='/usr/bin/ld -m elf_x86_64'
LDFLAGS=''
LIBOBJS=''
LIBS=''
LIBTOOL='$(SHELL) $(top_builddir)/libtool'
LIBTOOL_DEPS='.//ltmain.sh'
LIB_AGE='8'
LIB_CURRENT='8'
LIB_REVISION='6'
LIPO=''
LN_S='ln -s'
LTLIBOBJS=''
LT_SYS_LIBRARY_PATH=''
MAINT=''
MAINTAINER_MODE_FALSE='#'
MAINTAINER_MODE_TRUE=''
MAKEINFO='${SHELL} '\''/home/user/repos/fteqw/engine/libs-x86_64-pc-linux-gnu/libogg-1.3.6/missing'\'' makeinfo'
MANIFEST_TOOL=':'
MKDIR_P='/usr/bin/mkdir -p'
NM='/usr/bin/nm -B'
NMEDIT=''
OBJDUMP='objdump'
OBJEXT='o'
OPT=''
OTOOL64=''
OTOOL=''
PACKAGE='libogg'
PACKAGE_BUGREPORT=''
PACKAGE_NAME='libogg'
PACKAGE_STRING='libogg 1.3.6'
PACKAGE_TARNAME='libogg'
PACKAGE_URL=''
PACKAGE_VERSION='1.3.6'
PATH_SEPARATOR=':'
PROFILE='-Wall -Wextra -W -pg -g -O2 -ffast-math -fsigned-char  -Os'
RANLIB='ranlib'
SED='/usr/bin/sed'
SET_MAKE=''
SHELL='/bin/sh'
SIZE16='int16_t'
SIZE32='int32_t'
SIZE64='int64_t'
STRIP='strip'
TEST_ENV=''
USIZE16='uint16_t'
USIZE32='uint32_t'
USIZE64='uint64_t'
VALGRIND=''
VERSION='1.3.6'
ac_ct_AR='ar'
ac_ct_CC=''
ac_ct_DUMPBIN=''
am__EXEEXT_FALSE=''
am__EXEEXT_TRUE='#'
am__fastdepCC_FALSE='#'
am__fastdepCC_TRUE=''
am__include='include'
am__isrc=''
am__leading_dot='.'
am__nodep='_no'
am__quote=''
am__tar='$${TAR-tar} chof - "$$tardir"'
am__untar='$${TAR-tar} xf -'
bindir='${exec_prefix}/bin'
build='x86_64-pc-linux-gnu'
build_alias=''
build_cpu='x86_64'
build_os='linux-gnu'
build_vendor='pc'
datadir='${datarootdir}'
datarootdir='${prefix}/share'
docdir='${datarootdir}/doc/${PACKAGE_TARNAME}'
dvidir='${docdir}'
exec_prefix='${prefix}'
host='x86_64-pc-linux-gnu'
host_alias='x86_64-pc-linux-gnu'
host_cpu='x86_64'
host_os='linux-gnu'
host_vendor='pc'
htmldir='${docdir}'
includedir='${prefix}/include'
infodir='${datarootdir}/info'
install_sh='${SHELL} /home/user/repos/fteqw/engine/libs-x86_64-pc-linux-gnu/libogg-1.3.6/install-sh'
libdir='${exec_prefix}/lib'
libexecdir='${exec_prefix}/libexec'
localedir='${datarootdir}/locale'
localstatedir='${prefix}/var'
mandir='${datarootdir}/man'
mkdir_p='$(MKDIR_P)'
oldincludedir='/usr/include'
pdfdir='${docdir}'
prefix='/usr/local'
program_transform_name='s,x,x,'
psdir='${docdir}'
runstatedir='${localstatedir}/run'
sbindir='${exec_prefix}/sbin'
sharedstatedir='${prefix}/com'
sysconfdir='${prefix}/etc'
target_alias=''

## ----------- ##
## confdefs.h. ##
## ----------- ##

/* confdefs.h */
#define PACKAGE_NAME "libogg"
#define PACKAGE_TARNAME "libogg"
#define PACKAGE_VERSION "1.3.6"
#define PACKAGE_STRING "libogg 1.3.6"
#define PACKAGE_BUGREPORT ""
#define PACKAGE_URL ""
#define HAVE_STDIO_H 1
#define HAVE_STDLIB_H 1
#define HAVE_STRING_H 1
#define HAVE_INTTYPES_H 1
#define HAVE_STDINT_H 1
#define HAVE_STRINGS_H 1
#define HAVE_SYS_STAT_H 1
#define HAVE_SYS_TYPES_H 1
#define HAVE_UNISTD_H 1
#define STDC_HEADERS 1
#define HAVE_DLFCN_H 1
#define LT_OBJDIR ".libs/"
#define PACKAGE "libogg"
#define VERSION "1.3.6"
#define SIZEOF_INT16_T 2
#define SIZEOF_UINT16_T 2
#define SIZEOF_U_INT16_T 2
#define SIZEOF_INT32_T 4
#define SIZEOF_UINT32_T 4
#define SIZEOF_U_INT32_T 4
#define SIZEOF_INT64_T 8
#define SIZEOF_UINT64_T 8
#define SIZEOF_SHORT 2
#define SIZEOF_INT 4
#define SIZEOF_LONG 8
#define SIZEOF_LONG_LONG 8

configure: exit 0
