This file contains any messages produced by compilers while
running configure, to aid debugging if configure makes a mistake.

It was created by speexdsp configure 1.2.0, which was
generated by GNU Autoconf 2.69.  Invocation command line was

  $ ./configure --host=x86_64-pc-linux-gnu --enable-shared=no CC=cc

## --------- ##
## Platform. ##
## --------- ##

hostname = almix-arch
uname -m = x86_64
uname -r = 6.19.8-arch1-1
uname -s = Linux
uname -v = #1 SMP PREEMPT_DYNAMIC Sat, 14 Mar 2026 01:07:43 +0000

/usr/bin/uname -p = unknown
/bin/uname -X     = unknown

/bin/arch              = unknown
/usr/bin/arch -k       = unknown
/usr/convex/getsysinfo = unknown
/usr/bin/hostinfo      = unknown
/bin/machine           = unknown
/usr/bin/oslevel       = unknown
/bin/universe          = unknown

PATH: /home/user/anaconda3/condabin
PATH: /home/user/.local/bin
PATH: /home/user/bin
PATH: /usr/local/sbin
PATH: /usr/local/bin
PATH: /usr/bin
PATH: /home/user/.local/share/flatpak/exports/bin
PATH: /var/lib/flatpak/exports/bin
PATH: /usr/lib/jvm/default/bin
PATH: /usr/bin/site_perl
PATH: /usr/bin/vendor_perl
PATH: /usr/bin/core_perl


## ----------- ##
## Core tests. ##
## ----------- ##

configure:2494: checking whether make supports nested variables
configure:2511: result: yes
configure:2578: checking for a BSD-compatible install
configure:2646: result: /usr/bin/install -c
configure:2657: checking whether build environment is sane
configure:2712: result: yes
configure:2771: checking for x86_64-pc-linux-gnu-strip
configure:2801: result: no
configure:2811: checking for strip
configure:2827: found /usr/bin/strip
configure:2838: result: strip
configure:2863: checking for a thread-safe mkdir -p
configure:2902: result: /usr/bin/mkdir -p
configure:2909: checking for gawk
configure:2925: found /usr/bin/gawk
configure:2936: result: gawk
configure:2947: checking whether make sets $(MAKE)
configure:2969: result: yes
configure:3094: checking whether to enable maintainer-specific portions of Makefiles
configure:3103: result: yes
configure:3121: checking build system type
configure:3135: result: x86_64-pc-linux-gnu
configure:3155: checking host system type
configure:3168: result: x86_64-pc-linux-gnu
configure:3537: checking how to print strings
configure:3564: result: printf
configure:3589: checking whether make supports the include directive
configure:3604: make -f confmf.GNU && cat confinc.out
make[1]: Entering directory '/home/user/repos/fteqw/engine/libs-x86_64-pc-linux-gnu/speexdsp-1.2.0'
make[1]: Leaving directory '/home/user/repos/fteqw/engine/libs-x86_64-pc-linux-gnu/speexdsp-1.2.0'
this is the am__doit target
configure:3607: $? = 0
configure:3626: result: yes (GNU style)
configure:3656: checking for x86_64-pc-linux-gnu-gcc
configure:3683: result: cc
configure:3952: checking for C compiler version
configure:3961: cc --version >&5
cc (GCC) 15.2.1 20260209
Copyright (C) 2025 Free Software Foundation, Inc.
This is free software; see the source for copying conditions.  There is NO
warranty; not even for MERCHANTABILITY or FITNESS FOR A PARTICULAR PURPOSE.

configure:3972: $? = 0
configure:3961: cc -v >&5
Using built-in specs.
COLLECT_GCC=cc
COLLECT_LTO_WRAPPER=/usr/lib/gcc/x86_64-pc-linux-gnu/15.2.1/lto-wrapper
Target: x86_64-pc-linux-gnu
Configured with: /build/gcc/src/gcc/configure --enable-languages=ada,c,c++,d,fortran,go,lto,m2,objc,obj-c++,rust,cobol --enable-bootstrap --prefix=/usr --libdir=/usr/lib --libexecdir=/usr/lib --mandir=/usr/share/man --infodir=/usr/share/info --with-bugurl=https://gitlab.archlinux.org/archlinux/packaging/packages/gcc/-/issues --with-build-config=bootstrap-lto --with-linker-hash-style=gnu --with-system-zlib --enable-__cxa_atexit --enable-cet=auto --enable-checking=release --enable-clocale=gnu --enable-default-pie --enable-default-ssp --enable-gnu-indirect-function --enable-gnu-unique-object --enable-libstdcxx-backtrace --enable-link-serialization=1 --enable-linker-build-id --enable-lto --enable-multilib --enable-plugin --enable-shared --enable-threads=posix --disable-libssp --disable-libstdcxx-pch --disable-werror
Thread model: posix
Supported LTO compression algorithms: zlib zstd
gcc version 15.2.1 20260209 (GCC) 
configure:3972: $? = 0
configure:3961: cc -V >&5
cc: error: unrecognized command-line option '-V'
cc: fatal error: no input files
compilation terminated.
configure:3972: $? = 1
configure:3961: cc -qversion >&5
cc: error: unrecognized command-line option '-qversion'; did you mean '--version'?
cc: fatal error: no input files
compilation terminated.
configure:3972: $? = 1
configure:3992: checking whether the C compiler works
configure:4014: cc  -Os   conftest.c  >&5
configure:4018: $? = 0
configure:4066: result: yes
configure:4069: checking for C compiler default output file name
configure:4071: result: a.out
configure:4077: checking for suffix of executables
configure:4084: cc -o conftest  -Os   conftest.c  >&5
configure:4088: $? = 0
configure:4110: result: 
configure:4132: checking whether we are cross compiling
configure:4140: cc -o conftest  -Os   conftest.c  >&5
configure:4144: $? = 0
configure:4151: ./conftest
configure:4155: $? = 0
configure:4170: result: no
configure:4175: checking for suffix of object files
configure:4197: cc -c  -Os  conftest.c >&5
configure:4201: $? = 0
configure:4222: result: o
configure:4226: checking whether we are using the GNU C compiler
configure:4245: cc -c  -Os  conftest.c >&5
configure:4245: $? = 0
configure:4254: result: yes
configure:4263: checking whether cc accepts -g
configure:4283: cc -c -g  conftest.c >&5
configure:4283: $? = 0
configure:4324: result: yes
configure:4341: checking for cc option to accept ISO C89
configure:4404: cc  -c  -Os  conftest.c >&5
conftest.c: In function 'e':
conftest.c:15:14: warning: old-style function definition [-Wold-style-definition]
   15 | static char *e (p, i)
      |              ^
configure:4404: $? = 0
configure:4417: result: none needed
configure:4442: checking whether cc understands -c and -o together
configure:4464: cc -c conftest.c -o conftest2.o
configure:4467: $? = 0
configure:4464: cc -c conftest.c -o conftest2.o
configure:4467: $? = 0
configure:4479: result: yes
configure:4498: checking dependency style of cc
configure:4609: result: gcc3
configure:4624: checking for a sed that does not truncate output
configure:4688: result: /usr/bin/sed
configure:4706: checking for grep that handles long lines and -e
configure:4764: result: /usr/bin/grep
configure:4769: checking for egrep
configure:4831: result: /usr/bin/grep -E
configure:4836: checking for fgrep
configure:4898: result: /usr/bin/grep -F
configure:4933: checking for ld used by cc
configure:5000: result: /usr/bin/ld
configure:5007: checking if the linker (/usr/bin/ld) is GNU ld
configure:5022: result: yes
configure:5034: checking for BSD- or MS-compatible name lister (nm)
configure:5088: result: /usr/bin/nm -B
configure:5218: checking the name lister (/usr/bin/nm -B) interface
configure:5225: cc -c  -Os  conftest.c >&5
configure:5228: /usr/bin/nm -B "conftest.o"
configure:5231: output
0000000000000000 B some_variable
configure:5238: result: BSD nm
configure:5241: checking whether ln -s works
configure:5245: result: yes
configure:5253: checking the maximum length of command line arguments
configure:5384: result: 1572864
configure:5432: checking how to convert x86_64-pc-linux-gnu file names to x86_64-pc-linux-gnu format
configure:5472: result: func_convert_file_noop
configure:5479: checking how to convert x86_64-pc-linux-gnu file names to toolchain format
configure:5499: result: func_convert_file_noop
configure:5506: checking for /usr/bin/ld option to reload object files
configure:5513: result: -r
configure:5547: checking for x86_64-pc-linux-gnu-objdump
configure:5574: result: objdump
configure:5643: checking how to recognize dependent libraries
configure:5843: result: pass_all
configure:5888: checking for x86_64-pc-linux-gnu-dlltool
configure:5915: result: dlltool
configure:5985: checking how to associate runtime and link libraries
configure:6012: result: printf %s\n
configure:6029: checking for x86_64-pc-linux-gnu-ar
configure:6059: result: no
configure:6073: checking for ar
configure:6089: found /usr/bin/ar
configure:6100: result: ar
configure:6137: checking for archiver @FILE support
configure:6154: cc -c  -Os  conftest.c >&5
configure:6154: $? = 0
configure:6157: ar cru libconftest.a @conftest.lst >&5
ar: `u' modifier ignored since `D' is the default (see `U')
configure:6160: $? = 0
configure:6165: ar cru libconftest.a @conftest.lst >&5
ar: `u' modifier ignored since `D' is the default (see `U')
ar: conftest.o: No such file or directory
configure:6168: $? = 1
configure:6180: result: @
configure:6198: checking for x86_64-pc-linux-gnu-strip
configure:6225: result: strip
configure:6297: checking for x86_64-pc-linux-gnu-ranlib
configure:6327: result: no
configure:6337: checking for ranlib
configure:6353: found /usr/bin/ranlib
configure:6364: result: ranlib
configure:6466: checking command to parse /usr/bin/nm -B output from cc object
configure:6619: cc -c  -Os  conftest.c >&5
configure:6622: $? = 0
configure:6626: /usr/bin/nm -B conftest.o \| sed -n -e 's/^.*[ ]\([ABCDGIRSTW][ABCDGIRSTW]*\)[ ][ ]*\([_A-Za-z][_A-Za-z0-9]*\)$/\1 \2 \2/p' | sed '/ __gnu_lto/d' \> conftest.nm
configure:6629: $? = 0
configure:6695: cc -o conftest  -Os   conftest.c conftstm.o >&5
configure:6698: $? = 0
configure:6736: result: ok
configure:6783: checking for sysroot
configure:6813: result: no
configure:6820: checking for a working dd
configure:6858: result: /usr/bin/dd
configure:6862: checking how to truncate binary pipes
configure:6877: result: /usr/bin/dd bs=4096 count=1
configure:7013: cc -c  -Os  conftest.c >&5
configure:7016: $? = 0
configure:7166: checking for x86_64-pc-linux-gnu-mt
configure:7196: result: no
configure:7206: checking for mt
configure:7236: result: no
configure:7256: checking if : is a manifest tool
configure:7262: : '-?'
configure:7270: result: no
configure:7947: checking how to run the C preprocessor
configure:7978: cc -E  conftest.c
configure:7978: $? = 0
configure:7992: cc -E  conftest.c
conftest.c:9:10: fatal error: ac_nonexistent.h: No such file or directory
    9 | #include <ac_nonexistent.h>
      |          ^~~~~~~~~~~~~~~~~~
compilation terminated.
configure:7992: $? = 1
configure: failed program was:
| /* confdefs.h */
| #define PACKAGE_NAME "speexdsp"
| #define PACKAGE_TARNAME "speexdsp"
| #define PACKAGE_VERSION "1.2.0"
| #define PACKAGE_STRING "speexdsp 1.2.0"
| #define PACKAGE_BUGREPORT "speex-dev@xiph.org"
| #define PACKAGE_URL ""
| /* end confdefs.h.  */
| #include <ac_nonexistent.h>
configure:8017: result: cc -E
configure:8037: cc -E  conftest.c
configure:8037: $? = 0
configure:8051: cc -E  conftest.c
conftest.c:9:10: fatal error: ac_nonexistent.h: No such file or directory
    9 | #include <ac_nonexistent.h>
      |          ^~~~~~~~~~~~~~~~~~
compilation terminated.
configure:8051: $? = 1
configure: failed program was:
| /* confdefs.h */
| #define PACKAGE_NAME "speexdsp"
| #define PACKAGE_TARNAME "speexdsp"
| #define PACKAGE_VERSION "1.2.0"
| #define PACKAGE_STRING "speexdsp 1.2.0"
| #define PACKAGE_BUGREPORT "speex-dev@xiph.org"
| #define PACKAGE_URL ""
| /* end confdefs.h.  */
| #include <ac_nonexistent.h>
configure:8080: checking for ANSI C header files
configure:8100: cc -c  -Os  conftest.c >&5
configure:8100: $? = 0
configure:8173: cc -o conftest  -Os   conftest.c  >&5
configure:8173: $? = 0
configure:8173: ./conftest
configure:8173: $? = 0
configure:8184: result: yes
configure:8197: checking for sys/types.h
configure:8197: cc -c  -Os  conftest.c >&5
configure:8197: $? = 0
configure:8197: result: yes
configure:8197: checking for sys/stat.h
configure:8197: cc -c  -Os  conftest.c >&5
configure:8197: $? = 0
configure:8197: result: yes
configure:8197: checking for stdlib.h
configure:8197: cc -c  -Os  conftest.c >&5
configure:8197: $? = 0
configure:8197: result: yes
configure:8197: checking for string.h
configure:8197: cc -c  -Os  conftest.c >&5
configure:8197: $? = 0
configure:8197: result: yes
configure:8197: checking for memory.h
configure:8197: cc -c  -Os  conftest.c >&5
configure:8197: $? = 0
configure:8197: result: yes
configure:8197: checking for strings.h
configure:8197: cc -c  -Os  conftest.c >&5
configure:8197: $? = 0
configure:8197: result: yes
configure:8197: checking for inttypes.h
configure:8197: cc -c  -Os  conftest.c >&5
configure:8197: $? = 0
configure:8197: result: yes
configure:8197: checking for stdint.h
configure:8197: cc -c  -Os  conftest.c >&5
configure:8197: $? = 0
configure:8197: result: yes
configure:8197: checking for unistd.h
configure:8197: cc -c  -Os  conftest.c >&5
configure:8197: $? = 0
configure:8197: result: yes
configure:8211: checking for dlfcn.h
configure:8211: cc -c  -Os  conftest.c >&5
configure:8211: $? = 0
configure:8211: result: yes
configure:8465: checking for objdir
configure:8480: result: .libs
configure:8744: checking if cc supports -fno-rtti -fno-exceptions
configure:8762: cc -c  -Os  -fno-rtti -fno-exceptions conftest.c >&5
cc1: warning: command-line option '-fno-rtti' is valid for C++/D/ObjC++ but not for C
configure:8766: $? = 0
configure:8779: result: no
configure:9137: checking for cc option to produce PIC
configure:9144: result: -fPIC -DPIC
configure:9152: checking if cc PIC flag -fPIC -DPIC works
configure:9170: cc -c  -Os  -fPIC -DPIC -DPIC conftest.c >&5
configure:9174: $? = 0
configure:9187: result: yes
configure:9216: checking if cc static flag -static works
configure:9244: result: yes
configure:9259: checking if cc supports -c -o file.o
configure:9280: cc -c  -Os  -o out/conftest2.o conftest.c >&5
configure:9284: $? = 0
configure:9306: result: yes
configure:9314: checking if cc supports -c -o file.o
configure:9361: result: yes
configure:9394: checking whether the cc linker (/usr/bin/ld -m elf_x86_64) supports shared libraries
configure:10657: result: yes
configure:10897: checking dynamic linker characteristics
configure:11478: cc -o conftest  -Os   -Wl,-rpath -Wl,/foo conftest.c  >&5
configure:11478: $? = 0
configure:11727: result: GNU/Linux ld.so
configure:11849: checking how to hardcode library paths into programs
configure:11874: result: immediate
configure:12422: checking whether stripping libraries is possible
configure:12427: result: yes
configure:12462: checking if libtool supports shared libraries
configure:12464: result: yes
configure:12467: checking whether to build shared libraries
configure:12492: result: no
configure:12495: checking whether to build static libraries
configure:12499: result: yes
configure:12537: checking whether byte ordering is bigendian
configure:12552: cc -c  -Os  conftest.c >&5
conftest.c:22:16: error: unknown type name 'not'
   22 |                not a universal capable compiler
      |                ^~~
conftest.c:22:22: error: expected '=', ',', ';', 'asm' or '__attribute__' before 'universal'
   22 |                not a universal capable compiler
      |                      ^~~~~~~~~
conftest.c:22:22: error: unknown type name 'universal'
configure:12552: $? = 1
configure: failed program was:
| /* confdefs.h */
| #define PACKAGE_NAME "speexdsp"
| #define PACKAGE_TARNAME "speexdsp"
| #define PACKAGE_VERSION "1.2.0"
| #define PACKAGE_STRING "speexdsp 1.2.0"
| #define PACKAGE_BUGREPORT "speex-dev@xiph.org"
| #define PACKAGE_URL ""
| #define STDC_HEADERS 1
| #define HAVE_SYS_TYPES_H 1
| #define HAVE_SYS_STAT_H 1
| #define HAVE_STDLIB_H 1
| #define HAVE_STRING_H 1
| #define HAVE_MEMORY_H 1
| #define HAVE_STRINGS_H 1
| #define HAVE_INTTYPES_H 1
| #define HAVE_STDINT_H 1
| #define HAVE_UNISTD_H 1
| #define HAVE_DLFCN_H 1
| #define LT_OBJDIR ".libs/"
| /* end confdefs.h.  */
| #ifndef __APPLE_CC__
| 	       not a universal capable compiler
| 	     #endif
| 	     typedef int dummy;
| 
configure:12597: cc -c  -Os  conftest.c >&5
configure:12597: $? = 0
configure:12615: cc -c  -Os  conftest.c >&5
conftest.c: In function 'main':
conftest.c:28:18: error: unknown type name 'not'; did you mean 'ino_t'?
   28 |                  not big endian
      |                  ^~~
      |                  ino_t
conftest.c:28:26: error: expected '=', ',', ';', 'asm' or '__attribute__' before 'endian'
   28 |                  not big endian
      |                          ^~~~~~
configure:12615: $? = 1
configure: failed program was:
| /* confdefs.h */
| #define PACKAGE_NAME "speexdsp"
| #define PACKAGE_TARNAME "speexdsp"
| #define PACKAGE_VERSION "1.2.0"
| #define PACKAGE_STRING "speexdsp 1.2.0"
| #define PACKAGE_BUGREPORT "speex-dev@xiph.org"
| #define PACKAGE_URL ""
| #define STDC_HEADERS 1
| #define HAVE_SYS_TYPES_H 1
| #define HAVE_SYS_STAT_H 1
| #define HAVE_STDLIB_H 1
| #define HAVE_STRING_H 1
| #define HAVE_MEMORY_H 1
| #define HAVE_STRINGS_H 1
| #define HAVE_INTTYPES_H 1
| #define HAVE_STDINT_H 1
| #define HAVE_UNISTD_H 1
| #define HAVE_DLFCN_H 1
| #define LT_OBJDIR ".libs/"
| /* end confdefs.h.  */
| #include <sys/types.h>
| 		#include <sys/param.h>
| 
| int
| main ()
| {
| #if BYTE_ORDER != BIG_ENDIAN
| 		 not big endian
| 		#endif
| 
|   ;
|   return 0;
| }
configure:12743: result: no
configure:12761: checking for an ANSI C-conforming const
configure:12827: cc -c  -Os  conftest.c >&5
configure:12827: $? = 0
configure:12834: result: yes
configure:12842: checking for inline
configure:12858: cc -c  -Os  conftest.c >&5
configure:12858: $? = 0
configure:12866: result: inline
configure:12884: checking for C/C++ restrict keyword
configure:12909: cc -c  -Os  conftest.c >&5
configure:12909: $? = 0
configure:12917: result: __restrict
configure:12932: checking for C99 variable-size arrays
configure:12949: cc -c  -Os  conftest.c >&5
configure:12949: $? = 0
configure:12959: result: yes
configure:12965: checking alloca.h usability
configure:12965: cc -c  -Os  conftest.c >&5
configure:12965: $? = 0
configure:12965: result: yes
configure:12965: checking alloca.h presence
configure:12965: cc -E  conftest.c
configure:12965: $? = 0
configure:12965: result: yes
configure:12965: checking for alloca.h
configure:12965: result: yes
configure:12965: checking getopt.h usability
configure:12965: cc -c  -Os  conftest.c >&5
configure:12965: $? = 0
configure:12965: result: yes
configure:12965: checking getopt.h presence
configure:12965: cc -E  conftest.c
configure:12965: $? = 0
configure:12965: result: yes
configure:12965: checking for getopt.h
configure:12965: result: yes
configure:12975: checking for alloca
configure:12996: cc -c  -Os  conftest.c >&5
configure:12996: $? = 0
configure:13010: result: yes
configure:13013: checking for SSE in current arch/CFLAGS
configure:13032: cc -o conftest  -Os   conftest.c  >&5
configure:13032: $? = 0
configure:13044: result: yes
configure:13047: checking for SSE2 in current arch/CFLAGS
configure:13066: cc -o conftest  -Os   conftest.c  >&5
configure:13066: $? = 0
configure:13078: result: yes
configure:13081: checking for NEON in current arch/CFLAGS
configure:13100: cc -o conftest  -Os   conftest.c  >&5
conftest.c:27:10: fatal error: arm_neon.h: No such file or directory
   27 | #include <arm_neon.h>
      |          ^~~~~~~~~~~~
compilation terminated.
configure:13100: $? = 1
configure: failed program was:
| /* confdefs.h */
| #define PACKAGE_NAME "speexdsp"
| #define PACKAGE_TARNAME "speexdsp"
| #define PACKAGE_VERSION "1.2.0"
| #define PACKAGE_STRING "speexdsp 1.2.0"
| #define PACKAGE_BUGREPORT "speex-dev@xiph.org"
| #define PACKAGE_URL ""
| #define STDC_HEADERS 1
| #define HAVE_SYS_TYPES_H 1
| #define HAVE_SYS_STAT_H 1
| #define HAVE_STDLIB_H 1
| #define HAVE_STRING_H 1
| #define HAVE_MEMORY_H 1
| #define HAVE_STRINGS_H 1
| #define HAVE_INTTYPES_H 1
| #define HAVE_STDINT_H 1
| #define HAVE_UNISTD_H 1
| #define HAVE_DLFCN_H 1
| #define LT_OBJDIR ".libs/"
| #define restrict __restrict
| #define VAR_ARRAYS /**/
| #define HAVE_ALLOCA_H 1
| #define HAVE_GETOPT_H 1
| /* end confdefs.h.  */
| 
| 
| #include <arm_neon.h>
| int32x4_t testfunc(int16_t *a, int16_t *b) {
|       return vmull_s16(vld1_s16(a), vld1_s16(b));
| }
| 
| int
| main ()
| {
| 
|   ;
|   return 0;
| }
configure:13112: result: no
configure:13117: checking for ELF visibility
configure:13135: cc -c  -Os -fvisibility=hidden  conftest.c >&5
configure:13135: $? = 0
configure:13153: result: yes
configure:13159: checking sys/soundcard.h usability
configure:13159: cc -c  -Os -fvisibility=hidden  conftest.c >&5
configure:13159: $? = 0
configure:13159: result: yes
configure:13159: checking sys/soundcard.h presence
configure:13159: cc -E  conftest.c
configure:13159: $? = 0
configure:13159: result: yes
configure:13159: checking for sys/soundcard.h
configure:13159: result: yes
configure:13159: checking sys/audioio.h usability
configure:13159: cc -c  -Os -fvisibility=hidden  conftest.c >&5
conftest.c:60:10: fatal error: sys/audioio.h: No such file or directory
   60 | #include <sys/audioio.h>
      |          ^~~~~~~~~~~~~~~
compilation terminated.
configure:13159: $? = 1
configure: failed program was:
| /* confdefs.h */
| #define PACKAGE_NAME "speexdsp"
| #define PACKAGE_TARNAME "speexdsp"
| #define PACKAGE_VERSION "1.2.0"
| #define PACKAGE_STRING "speexdsp 1.2.0"
| #define PACKAGE_BUGREPORT "speex-dev@xiph.org"
| #define PACKAGE_URL ""
| #define STDC_HEADERS 1
| #define HAVE_SYS_TYPES_H 1
| #define HAVE_SYS_STAT_H 1
| #define HAVE_STDLIB_H 1
| #define HAVE_STRING_H 1
| #define HAVE_MEMORY_H 1
| #define HAVE_STRINGS_H 1
| #define HAVE_INTTYPES_H 1
| #define HAVE_STDINT_H 1
| #define HAVE_UNISTD_H 1
| #define HAVE_DLFCN_H 1
| #define LT_OBJDIR ".libs/"
| #define restrict __restrict
| #define VAR_ARRAYS /**/
| #define HAVE_ALLOCA_H 1
| #define HAVE_GETOPT_H 1
| #define EXPORT __attribute__((visibility("default")))
| #define HAVE_SYS_SOUNDCARD_H 1
| /* end confdefs.h.  */
| #include <stdio.h>
| #ifdef HAVE_SYS_TYPES_H
| # include <sys/types.h>
| #endif
| #ifdef HAVE_SYS_STAT_H
| # include <sys/stat.h>
| #endif
| #ifdef STDC_HEADERS
| # include <stdlib.h>
| # include <stddef.h>
| #else
| # ifdef HAVE_STDLIB_H
| #  include <stdlib.h>
| # endif
| #endif
| #ifdef HAVE_STRING_H
| # if !defined STDC_HEADERS && defined HAVE_MEMORY_H
| #  include <memory.h>
| # endif
| # include <string.h>
| #endif
| #ifdef HAVE_STRINGS_H
| # include <strings.h>
| #endif
| #ifdef HAVE_INTTYPES_H
| # include <inttypes.h>
| #endif
| #ifdef HAVE_STDINT_H
| # include <stdint.h>
| #endif
| #ifdef HAVE_UNISTD_H
| # include <unistd.h>
| #endif
| #include <sys/audioio.h>
configure:13159: result: no
configure:13159: checking sys/audioio.h presence
configure:13159: cc -E  conftest.c
conftest.c:27:10: fatal error: sys/audioio.h: No such file or directory
   27 | #include <sys/audioio.h>
      |          ^~~~~~~~~~~~~~~
compilation terminated.
configure:13159: $? = 1
configure: failed program was:
| /* confdefs.h */
| #define PACKAGE_NAME "speexdsp"
| #define PACKAGE_TARNAME "speexdsp"
| #define PACKAGE_VERSION "1.2.0"
| #define PACKAGE_STRING "speexdsp 1.2.0"
| #define PACKAGE_BUGREPORT "speex-dev@xiph.org"
| #define PACKAGE_URL ""
| #define STDC_HEADERS 1
| #define HAVE_SYS_TYPES_H 1
| #define HAVE_SYS_STAT_H 1
| #define HAVE_STDLIB_H 1
| #define HAVE_STRING_H 1
| #define HAVE_MEMORY_H 1
| #define HAVE_STRINGS_H 1
| #define HAVE_INTTYPES_H 1
| #define HAVE_STDINT_H 1
| #define HAVE_UNISTD_H 1
| #define HAVE_DLFCN_H 1
| #define LT_OBJDIR ".libs/"
| #define restrict __restrict
| #define VAR_ARRAYS /**/
| #define HAVE_ALLOCA_H 1
| #define HAVE_GETOPT_H 1
| #define EXPORT __attribute__((visibility("default")))
| #define HAVE_SYS_SOUNDCARD_H 1
| /* end confdefs.h.  */
| #include <sys/audioio.h>
configure:13159: result: no
configure:13159: checking for sys/audioio.h
configure:13159: result: no
configure:13260: checking for cos in -lm
configure:13285: cc -o conftest  -Os -fvisibility=hidden   conftest.c -lm   >&5
conftest.c:34:6: warning: conflicting types for built-in function 'cos'; expected 'double(double)' [-Wbuiltin-declaration-mismatch]
   34 | char cos ();
      |      ^~~
conftest.c:1:1: note: 'cos' is declared in header '<math.h>'
    1 | /* confdefs.h */
configure:13285: $? = 0
configure:13294: result: yes
configure:13510: checking for x86_64-pc-linux-gnu-pkg-config
configure:13528: found /usr/bin/x86_64-pc-linux-gnu-pkg-config
configure:13540: result: /usr/bin/x86_64-pc-linux-gnu-pkg-config
configure:13608: checking pkg-config is at least version 0.9.0
configure:13611: result: yes
configure:13796: checking size of int16_t
configure:13801: cc -o conftest  -Os -fvisibility=hidden   conftest.c  >&5
configure:13801: $? = 0
configure:13801: ./conftest
configure:13801: $? = 0
configure:13815: result: 2
configure:13829: checking size of uint16_t
configure:13834: cc -o conftest  -Os -fvisibility=hidden   conftest.c  >&5
configure:13834: $? = 0
configure:13834: ./conftest
configure:13834: $? = 0
configure:13848: result: 2
configure:13862: checking size of u_int16_t
configure:13867: cc -o conftest  -Os -fvisibility=hidden   conftest.c  >&5
configure:13867: $? = 0
configure:13867: ./conftest
configure:13867: $? = 0
configure:13881: result: 2
configure:13895: checking size of int32_t
configure:13900: cc -o conftest  -Os -fvisibility=hidden   conftest.c  >&5
configure:13900: $? = 0
configure:13900: ./conftest
configure:13900: $? = 0
configure:13914: result: 4
configure:13928: checking size of uint32_t
configure:13933: cc -o conftest  -Os -fvisibility=hidden   conftest.c  >&5
configure:13933: $? = 0
configure:13933: ./conftest
configure:13933: $? = 0
configure:13947: result: 4
configure:13961: checking size of u_int32_t
configure:13966: cc -o conftest  -Os -fvisibility=hidden   conftest.c  >&5
configure:13966: $? = 0
configure:13966: ./conftest
configure:13966: $? = 0
configure:13980: result: 4
configure:13994: checking size of short
configure:13999: cc -o conftest  -Os -fvisibility=hidden   conftest.c  >&5
configure:13999: $? = 0
configure:13999: ./conftest
configure:13999: $? = 0
configure:14013: result: 2
configure:14027: checking size of int
configure:14032: cc -o conftest  -Os -fvisibility=hidden   conftest.c  >&5
configure:14032: $? = 0
configure:14032: ./conftest
configure:14032: $? = 0
configure:14046: result: 4
configure:14060: checking size of long
configure:14065: cc -o conftest  -Os -fvisibility=hidden   conftest.c  >&5
configure:14065: $? = 0
configure:14065: ./conftest
configure:14065: $? = 0
configure:14079: result: 8
configure:14273: checking that generated files are newer than configure
configure:14279: result: done
configure:14323: creating ./config.status

## ---------------------- ##
## Running config.status. ##
## ---------------------- ##

This file was extended by speexdsp config.status 1.2.0, which was
generated by GNU Autoconf 2.69.  Invocation command line was

  CONFIG_FILES    = 
  CONFIG_HEADERS  = 
  CONFIG_LINKS    = 
  CONFIG_COMMANDS = 
  $ ./config.status 

on almix-arch

config.status:1151: creating Makefile
config.status:1151: creating libspeexdsp/Makefile
config.status:1151: creating doc/Makefile
config.status:1151: creating SpeexDSP.spec
config.status:1151: creating include/Makefile
config.status:1151: creating include/speex/Makefile
config.status:1151: creating speexdsp.pc
config.status:1151: creating win32/Makefile
config.status:1151: creating win32/libspeexdsp/Makefile
config.status:1151: creating symbian/Makefile
config.status:1151: creating win32/VS2003/Makefile
config.status:1151: creating win32/VS2003/libspeexdsp/Makefile
config.status:1151: creating win32/VS2003/tests/Makefile
config.status:1151: creating win32/VS2005/Makefile
config.status:1151: creating win32/VS2005/libspeexdsp/Makefile
config.status:1151: creating win32/VS2005/tests/Makefile
config.status:1151: creating win32/VS2008/Makefile
config.status:1151: creating win32/VS2008/libspeexdsp/Makefile
config.status:1151: creating win32/VS2008/tests/Makefile
config.status:1151: creating include/speex/speexdsp_config_types.h
config.status:1151: creating ti/Makefile
config.status:1151: creating ti/speex_C54_test/Makefile
config.status:1151: creating ti/speex_C55_test/Makefile
config.status:1151: creating ti/speex_C64_test/Makefile
config.status:1151: creating config.h
config.status:1380: executing depfiles commands
config.status:1455: cd libspeexdsp       && sed -e '/# am--include-marker/d' Makefile         | make -f - am--depfiles
make[1]: Entering directory '/home/user/repos/fteqw/engine/libs-x86_64-pc-linux-gnu/speexdsp-1.2.0/libspeexdsp'
make[1]: Leaving directory '/home/user/repos/fteqw/engine/libs-x86_64-pc-linux-gnu/speexdsp-1.2.0/libspeexdsp'
config.status:1462: $? = 0
config.status:1380: executing libtool commands

## ---------------- ##
## Cache variables. ##
## ---------------- ##

ac_cv_build=x86_64-pc-linux-gnu
ac_cv_c_bigendian=no
ac_cv_c_compiler_gnu=yes
ac_cv_c_const=yes
ac_cv_c_inline=inline
ac_cv_c_restrict=__restrict
ac_cv_env_CC_set=set
ac_cv_env_CC_value=cc
ac_cv_env_CFLAGS_set=set
ac_cv_env_CFLAGS_value=' -Os'
ac_cv_env_CPPFLAGS_set=
ac_cv_env_CPPFLAGS_value=
ac_cv_env_CPP_set=
ac_cv_env_CPP_value=
ac_cv_env_FFT_CFLAGS_set=
ac_cv_env_FFT_CFLAGS_value=
ac_cv_env_FFT_LIBS_set=
ac_cv_env_FFT_LIBS_value=
ac_cv_env_LDFLAGS_set=
ac_cv_env_LDFLAGS_value=
ac_cv_env_LIBS_set=
ac_cv_env_LIBS_value=
ac_cv_env_LT_SYS_LIBRARY_PATH_set=
ac_cv_env_LT_SYS_LIBRARY_PATH_value=
ac_cv_env_PKG_CONFIG_LIBDIR_set=
ac_cv_env_PKG_CONFIG_LIBDIR_value=
ac_cv_env_PKG_CONFIG_PATH_set=
ac_cv_env_PKG_CONFIG_PATH_value=
ac_cv_env_PKG_CONFIG_set=
ac_cv_env_PKG_CONFIG_value=
ac_cv_env_build_alias_set=
ac_cv_env_build_alias_value=
ac_cv_env_host_alias_set=set
ac_cv_env_host_alias_value=x86_64-pc-linux-gnu
ac_cv_env_target_alias_set=
ac_cv_env_target_alias_value=
ac_cv_header_alloca_h=yes
ac_cv_header_dlfcn_h=yes
ac_cv_header_getopt_h=yes
ac_cv_header_inttypes_h=yes
ac_cv_header_memory_h=yes
ac_cv_header_stdc=yes
ac_cv_header_stdint_h=yes
ac_cv_header_stdlib_h=yes
ac_cv_header_string_h=yes
ac_cv_header_strings_h=yes
ac_cv_header_sys_audioio_h=no
ac_cv_header_sys_soundcard_h=yes
ac_cv_header_sys_stat_h=yes
ac_cv_header_sys_types_h=yes
ac_cv_header_unistd_h=yes
ac_cv_host=x86_64-pc-linux-gnu
ac_cv_lib_m_cos=yes
ac_cv_objext=o
ac_cv_path_EGREP='/usr/bin/grep -E'
ac_cv_path_FGREP='/usr/bin/grep -F'
ac_cv_path_GREP=/usr/bin/grep
ac_cv_path_PKG_CONFIG=/usr/bin/x86_64-pc-linux-gnu-pkg-config
ac_cv_path_SED=/usr/bin/sed
ac_cv_path_install='/usr/bin/install -c'
ac_cv_path_lt_DD=/usr/bin/dd
ac_cv_path_mkdir=/usr/bin/mkdir
ac_cv_prog_AWK=gawk
ac_cv_prog_CC=cc
ac_cv_prog_CPP='cc -E'
ac_cv_prog_DLLTOOL=dlltool
ac_cv_prog_OBJDUMP=objdump
ac_cv_prog_STRIP=strip
ac_cv_prog_ac_ct_AR=ar
ac_cv_prog_ac_ct_RANLIB=ranlib
ac_cv_prog_ac_ct_STRIP=strip
ac_cv_prog_cc_c89=
ac_cv_prog_cc_g=yes
ac_cv_prog_make_make_set=yes
ac_cv_sizeof_int16_t=2
ac_cv_sizeof_int32_t=4
ac_cv_sizeof_int=4
ac_cv_sizeof_long=8
ac_cv_sizeof_short=2
ac_cv_sizeof_u_int16_t=2
ac_cv_sizeof_u_int32_t=4
ac_cv_sizeof_uint16_t=2
ac_cv_sizeof_uint32_t=4
am_cv_CC_dependencies_compiler_type=gcc3
am_cv_make_support_nested_variables=yes
am_cv_prog_cc_c_o=yes
lt_cv_ar_at_file=@
lt_cv_deplibs_check_method=pass_all
lt_cv_file_magic_cmd='$MAGIC_CMD'
lt_cv_file_magic_test_file=
lt_cv_ld_reload_flag=-r
lt_cv_nm_interface='BSD nm'
lt_cv_objdir=.libs
lt_cv_path_LD=/usr/bin/ld
lt_cv_path_NM='/usr/bin/nm -B'
lt_cv_path_mainfest_tool=no
lt_cv_prog_compiler_c_o=yes
lt_cv_prog_compiler_pic='-fPIC -DPIC'
lt_cv_prog_compiler_pic_works=yes
lt_cv_prog_compiler_rtti_exceptions=no
lt_cv_prog_compiler_static_works=yes
lt_cv_prog_gnu_ld=yes
lt_cv_sharedlib_from_linklib_cmd='printf %s\n'
lt_cv_shlibpath_overrides_runpath=yes
lt_cv_sys_global_symbol_pipe='sed -n -e '\''s/^.*[	 ]\([ABCDGIRSTW][ABCDGIRSTW]*\)[	 ][	 ]*\([_A-Za-z][_A-Za-z0-9]*\)$/\1 \2 \2/p'\'' | sed '\''/ __gnu_lto/d'\'''
lt_cv_sys_global_symbol_to_c_name_address='sed -n -e '\''s/^: \(.*\) .*$/  {"\1", (void *) 0},/p'\'' -e '\''s/^[ABCDGIRSTW][ABCDGIRSTW]* .* \(.*\)$/  {"\1", (void *) \&\1},/p'\'''
lt_cv_sys_global_symbol_to_c_name_address_lib_prefix='sed -n -e '\''s/^: \(.*\) .*$/  {"\1", (void *) 0},/p'\'' -e '\''s/^[ABCDGIRSTW][ABCDGIRSTW]* .* \(lib.*\)$/  {"\1", (void *) \&\1},/p'\'' -e '\''s/^[ABCDGIRSTW][ABCDGIRSTW]* .* \(.*\)$/  {"lib\1", (void *) \&\1},/p'\'''
lt_cv_sys_global_symbol_to_cdecl='sed -n -e '\''s/^T .* \(.*\)$/extern int \1();/p'\'' -e '\''s/^[ABCDGIRSTW][ABCDGIRSTW]* .* \(.*\)$/extern char \1;/p'\'''
lt_cv_sys_global_symbol_to_import=
lt_cv_sys_max_cmd_len=1572864
lt_cv_to_host_file_cmd=func_convert_file_noop
lt_cv_to_tool_file_cmd=func_convert_file_noop
lt_cv_truncate_bin='/usr/bin/dd bs=4096 count=1'

## ----------------- ##
## Output variables. ##
## ----------------- ##

ACLOCAL='${SHELL} /home/user/repos/fteqw/engine/libs-x86_64-pc-linux-gnu/speexdsp-1.2.0/missing aclocal-1.16'
AMDEPBACKSLASH='\'
AMDEP_FALSE='#'
AMDEP_TRUE=''
AMTAR='$${TAR-tar}'
AM_BACKSLASH='\'
AM_DEFAULT_V='$(AM_DEFAULT_VERBOSITY)'
AM_DEFAULT_VERBOSITY='0'
AM_V='$(V)'
AR='ar'
AS='as'
AUTOCONF='${SHELL} /home/user/repos/fteqw/engine/libs-x86_64-pc-linux-gnu/speexdsp-1.2.0/missing autoconf'
AUTOHEADER='${SHELL} /home/user/repos/fteqw/engine/libs-x86_64-pc-linux-gnu/speexdsp-1.2.0/missing autoheader'
AUTOMAKE='${SHELL} /home/user/repos/fteqw/engine/libs-x86_64-pc-linux-gnu/speexdsp-1.2.0/missing automake-1.16'
AWK='gawk'
BUILD_EXAMPLES_FALSE=''
BUILD_EXAMPLES_TRUE='#'
BUILD_KISS_FFT_FALSE=''
BUILD_KISS_FFT_TRUE='#'
BUILD_SMALLFT_FALSE='#'
BUILD_SMALLFT_TRUE=''
CC='cc'
CCDEPMODE='depmode=gcc3'
CFLAGS=' -Os -fvisibility=hidden'
CPP='cc -E'
CPPFLAGS=''
CYGPATH_W='echo'
DEFS='-DHAVE_CONFIG_H'
DEPDIR='.deps'
DLLTOOL='dlltool'
DSYMUTIL=''
DUMPBIN=''
ECHO_C=''
ECHO_N='-n'
ECHO_T=''
EGREP='/usr/bin/grep -E'
EXEEXT=''
FFT_CFLAGS=''
FFT_LIBS=''
FFT_PKGCONFIG=''
FGREP='/usr/bin/grep -F'
GREP='/usr/bin/grep'
INCLUDE_STDINT='#include <stdint.h>'
INSTALL_DATA='${INSTALL} -m 644'
INSTALL_PROGRAM='${INSTALL}'
INSTALL_SCRIPT='${INSTALL}'
INSTALL_STRIP_PROGRAM='$(install_sh) -c -s'
LD='/usr/bin/ld -m elf_x86_64'
LDFLAGS=''
LIBM='-lm'
LIBOBJS=''
LIBS=''
LIBTOOL='$(SHELL) $(top_builddir)/libtool'
LIPO=''
LN_S='ln -s'
LTLIBOBJS=''
LT_SYS_LIBRARY_PATH=''
MAINT=''
MAINTAINER_MODE_FALSE='#'
MAINTAINER_MODE_TRUE=''
MAKEINFO='${SHELL} /home/user/repos/fteqw/engine/libs-x86_64-pc-linux-gnu/speexdsp-1.2.0/missing makeinfo'
MANIFEST_TOOL=':'
MKDIR_P='/usr/bin/mkdir -p'
NM='/usr/bin/nm -B'
NMEDIT=''
OBJDUMP='objdump'
OBJEXT='o'
OTOOL64=''
OTOOL=''
PACKAGE='speexdsp'
PACKAGE_BUGREPORT='speex-dev@xiph.org'
PACKAGE_NAME='speexdsp'
PACKAGE_STRING='speexdsp 1.2.0'
PACKAGE_TARNAME='speexdsp'
PACKAGE_URL=''
PACKAGE_VERSION='1.2.0'
PATH_SEPARATOR=':'
PKG_CONFIG='/usr/bin/x86_64-pc-linux-gnu-pkg-config'
PKG_CONFIG_LIBDIR=''
PKG_CONFIG_PATH=''
RANLIB='ranlib'
SED='/usr/bin/sed'
SET_MAKE=''
SHELL='/bin/sh'
SIZE16='int16_t'
SIZE32='int32_t'
SPEEXDSP_LT_AGE='5'
SPEEXDSP_LT_CURRENT='6'
SPEEXDSP_LT_REVISION='1'
STRIP='strip'
USIZE16='uint16_t'
USIZE32='uint32_t'
VERSION='1.2.0'
ac_ct_AR='ar'
ac_ct_CC=''
ac_ct_DUMPBIN=''
am__EXEEXT_FALSE=''
am__EXEEXT_TRUE='#'
am__fastdepCC_FALSE='#'
am__fastdepCC_TRUE=''
am__include='include'
am__isrc=''
am__leading_dot='.'
am__nodep='_no'
am__quote=''
am__tar='$${TAR-tar} chof - "$$tardir"'
am__untar='$${TAR-tar} xf -'
bindir='${exec_prefix}/bin'
build='x86_64-pc-linux-gnu'
build_alias=''
build_cpu='x86_64'
build_os='linux-gnu'
build_vendor='pc'
datadir='${datarootdir}'
datarootdir='${prefix}/share'
docdir='${datarootdir}/doc/${PACKAGE_TARNAME}'
dvidir='${docdir}'
exec_prefix='${prefix}'
host='x86_64-pc-linux-gnu'
host_alias='x86_64-pc-linux-gnu'
host_cpu='x86_64'
host_os='linux-gnu'
host_vendor='pc'
htmldir='${docdir}'
includedir='${prefix}/include'
infodir='${datarootdir}/info'
install_sh='${SHELL} /home/user/repos/fteqw/engine/libs-x86_64-pc-linux-gnu/speexdsp-1.2.0/install-sh'
libdir='${exec_prefix}/lib'
libexecdir='${exec_prefix}/libexec'
localedir='${datarootdir}/locale'
localstatedir='${prefix}/var'
mandir='${datarootdir}/man'
mkdir_p='$(MKDIR_P)'
oldincludedir='/usr/include'
pdfdir='${docdir}'
prefix='/usr/local'
program_transform_name='s,x,x,'
psdir='${docdir}'
runstatedir='${localstatedir}/run'
sbindir='${exec_prefix}/sbin'
sharedstatedir='${prefix}/com'
src=''
sysconfdir='${prefix}/etc'
target_alias=''

## ----------- ##
## confdefs.h. ##
## ----------- ##

/* confdefs.h */
#define PACKAGE_NAME "speexdsp"
#define PACKAGE_TARNAME "speexdsp"
#define PACKAGE_VERSION "1.2.0"
#define PACKAGE_STRING "speexdsp 1.2.0"
#define PACKAGE_BUGREPORT "speex-dev@xiph.org"
#define PACKAGE_URL ""
#define STDC_HEADERS 1
#define HAVE_SYS_TYPES_H 1
#define HAVE_SYS_STAT_H 1
#define HAVE_STDLIB_H 1
#define HAVE_STRING_H 1
#define HAVE_MEMORY_H 1
#define HAVE_STRINGS_H 1
#define HAVE_INTTYPES_H 1
#define HAVE_STDINT_H 1
#define HAVE_UNISTD_H 1
#define HAVE_DLFCN_H 1
#define LT_OBJDIR ".libs/"
#define restrict __restrict
#define VAR_ARRAYS /**/
#define HAVE_ALLOCA_H 1
#define HAVE_GETOPT_H 1
#define EXPORT __attribute__((visibility("default")))
#define HAVE_SYS_SOUNDCARD_H 1
#define FLOATING_POINT /**/
#define USE_SSE /**/
#define USE_SSE2 /**/
#define USE_SMALLFT /**/
#define SIZEOF_INT16_T 2
#define SIZEOF_UINT16_T 2
#define SIZEOF_U_INT16_T 2
#define SIZEOF_INT32_T 4
#define SIZEOF_UINT32_T 4
#define SIZEOF_U_INT32_T 4
#define SIZEOF_SHORT 2
#define SIZEOF_INT 4
#define SIZEOF_LONG 8

configure: exit 0
